Archive member included to satisfy reference by file (symbol)

/Applications/ArmGNUToolchain/12.3.rel1/arm-none-eabi/bin/../lib/gcc/arm-none-eabi/12.3.1/thumb/v7e-m+fp/hard/libgcc.a(_aeabi_ldivmod.o)
                              CMakeFiles/UOSM-SteeringWheel-L432.elf.dir/Drivers/STM32L4xx_HAL_Driver/Src/stm32l4xx_hal_uart.c.obj (__aeabi_ldivmod)
/Applications/ArmGNUToolchain/12.3.rel1/arm-none-eabi/bin/../lib/gcc/arm-none-eabi/12.3.1/thumb/v7e-m+fp/hard/libgcc.a(_aeabi_uldivmod.o)
                              CMakeFiles/UOSM-SteeringWheel-L432.elf.dir/Drivers/STM32L4xx_HAL_Driver/Src/stm32l4xx_hal_uart.c.obj (__aeabi_uldivmod)
/Applications/ArmGNUToolchain/12.3.rel1/arm-none-eabi/bin/../lib/gcc/arm-none-eabi/12.3.1/thumb/v7e-m+fp/hard/libgcc.a(_udivmoddi4.o)
                              /Applications/ArmGNUToolchain/12.3.rel1/arm-none-eabi/bin/../lib/gcc/arm-none-eabi/12.3.1/thumb/v7e-m+fp/hard/libgcc.a(_aeabi_ldivmod.o) (__udivmoddi4)
/Applications/ArmGNUToolchain/12.3.rel1/arm-none-eabi/bin/../lib/gcc/arm-none-eabi/12.3.1/thumb/v7e-m+fp/hard/libgcc.a(_dvmd_tls.o)
                              /Applications/ArmGNUToolchain/12.3.rel1/arm-none-eabi/bin/../lib/gcc/arm-none-eabi/12.3.1/thumb/v7e-m+fp/hard/libgcc.a(_aeabi_ldivmod.o) (__aeabi_ldiv0)
/Applications/ArmGNUToolchain/12.3.rel1/arm-none-eabi/bin/../lib/gcc/arm-none-eabi/12.3.1/../../../../arm-none-eabi/lib/thumb/v7e-m+fp/hard/libc.a(libc_a-exit.o)
                              /Applications/ArmGNUToolchain/12.3.rel1/arm-none-eabi/bin/../lib/gcc/arm-none-eabi/12.3.1/../../../../arm-none-eabi/lib/thumb/v7e-m+fp/hard/crt0.o (exit)
/Applications/ArmGNUToolchain/12.3.rel1/arm-none-eabi/bin/../lib/gcc/arm-none-eabi/12.3.1/../../../../arm-none-eabi/lib/thumb/v7e-m+fp/hard/libc.a(libc_a-findfp.o)
                              CMakeFiles/UOSM-SteeringWheel-L432.elf.dir/Middlewares/Third_Party/FreeRTOS/Source/tasks.c.obj (__sf)
/Applications/ArmGNUToolchain/12.3.rel1/arm-none-eabi/bin/../lib/gcc/arm-none-eabi/12.3.1/../../../../arm-none-eabi/lib/thumb/v7e-m+fp/hard/libc.a(libc_a-vsprintf.o)
                              CMakeFiles/UOSM-SteeringWheel-L432.elf.dir/UOSM-Core/Drivers/SerialDebugDriver.c.obj (vsprintf)
/Applications/ArmGNUToolchain/12.3.rel1/arm-none-eabi/bin/../lib/gcc/arm-none-eabi/12.3.1/../../../../arm-none-eabi/lib/thumb/v7e-m+fp/hard/libc.a(libc_a-fwalk.o)
                              /Applications/ArmGNUToolchain/12.3.rel1/arm-none-eabi/bin/../lib/gcc/arm-none-eabi/12.3.1/../../../../arm-none-eabi/lib/thumb/v7e-m+fp/hard/libc.a(libc_a-findfp.o) (_fwalk_sglue)
/Applications/ArmGNUToolchain/12.3.rel1/arm-none-eabi/bin/../lib/gcc/arm-none-eabi/12.3.1/../../../../arm-none-eabi/lib/thumb/v7e-m+fp/hard/libc.a(libc_a-memset.o)
                              /Applications/ArmGNUToolchain/12.3.rel1/arm-none-eabi/bin/../lib/gcc/arm-none-eabi/12.3.1/../../../../arm-none-eabi/lib/thumb/v7e-m+fp/hard/crt0.o (memset)
/Applications/ArmGNUToolchain/12.3.rel1/arm-none-eabi/bin/../lib/gcc/arm-none-eabi/12.3.1/../../../../arm-none-eabi/lib/thumb/v7e-m+fp/hard/libc.a(libc_a-reent.o)
                              CMakeFiles/UOSM-SteeringWheel-L432.elf.dir/Middlewares/Third_Party/FreeRTOS/Source/tasks.c.obj (_reclaim_reent)
/Applications/ArmGNUToolchain/12.3.rel1/arm-none-eabi/bin/../lib/gcc/arm-none-eabi/12.3.1/../../../../arm-none-eabi/lib/thumb/v7e-m+fp/hard/libc.a(libc_a-impure.o)
                              CMakeFiles/UOSM-SteeringWheel-L432.elf.dir/Middlewares/Third_Party/FreeRTOS/Source/tasks.c.obj (_impure_ptr)
/Applications/ArmGNUToolchain/12.3.rel1/arm-none-eabi/bin/../lib/gcc/arm-none-eabi/12.3.1/../../../../arm-none-eabi/lib/thumb/v7e-m+fp/hard/libc.a(libc_a-errno.o)
                              CMakeFiles/UOSM-SteeringWheel-L432.elf.dir/Core/Src/syscalls.c.obj (__errno)
/Applications/ArmGNUToolchain/12.3.rel1/arm-none-eabi/bin/../lib/gcc/arm-none-eabi/12.3.1/../../../../arm-none-eabi/lib/thumb/v7e-m+fp/hard/libc.a(libc_a-init.o)
                              /Applications/ArmGNUToolchain/12.3.rel1/arm-none-eabi/bin/../lib/gcc/arm-none-eabi/12.3.1/../../../../arm-none-eabi/lib/thumb/v7e-m+fp/hard/crt0.o (__libc_init_array)
/Applications/ArmGNUToolchain/12.3.rel1/arm-none-eabi/bin/../lib/gcc/arm-none-eabi/12.3.1/../../../../arm-none-eabi/lib/thumb/v7e-m+fp/hard/libc.a(libc_a-lock.o)
                              /Applications/ArmGNUToolchain/12.3.rel1/arm-none-eabi/bin/../lib/gcc/arm-none-eabi/12.3.1/../../../../arm-none-eabi/lib/thumb/v7e-m+fp/hard/libc.a(libc_a-findfp.o) (__retarget_lock_init_recursive)
/Applications/ArmGNUToolchain/12.3.rel1/arm-none-eabi/bin/../lib/gcc/arm-none-eabi/12.3.1/../../../../arm-none-eabi/lib/thumb/v7e-m+fp/hard/libc.a(libc_a-memcpy.o)
                              CMakeFiles/UOSM-SteeringWheel-L432.elf.dir/Middlewares/Third_Party/FreeRTOS/Source/CMSIS_RTOS_V2/cmsis_os2.c.obj (memcpy)
[...]
Memory Configuration

Name             Origin             Length             Attributes
RAM              0x20000000         0x00010000         xrw
RAM2             0x10000000         0x00004000         xrw
FLASH            0x08000000         0x00040000         xr
*default*        0x00000000         0xffffffff

Linker script and memory map

LOAD /Applications/ArmGNUToolchain/12.3.rel1/arm-none-eabi/bin/../lib/gcc/arm-none-eabi/12.3.1/thumb/v7e-m+fp/hard/crti.o
LOAD /Applications/ArmGNUToolchain/12.3.rel1/arm-none-eabi/bin/../lib/gcc/arm-none-eabi/12.3.1/thumb/v7e-m+fp/hard/crtbegin.o
LOAD /Applications/ArmGNUToolchain/12.3.rel1/arm-none-eabi/bin/../lib/gcc/arm-none-eabi/12.3.1/../../../../arm-none-eabi/lib/thumb/v7e-m+fp/hard/crt0.o
LOAD CMakeFiles/UOSM-SteeringWheel-L432.elf.dir/Core/Modules/CANCallbacks.c.obj
LOAD CMakeFiles/UOSM-SteeringWheel-L432.elf.dir/Core/Modules/ClockModule.c.obj
LOAD CMakeFiles/UOSM-SteeringWheel-L432.elf.dir/Core/Modules/DataAggregation.c.obj
LOAD CMakeFiles/UOSM-SteeringWheel-L432.elf.dir/Core/Modules/InteruptModule.c.obj
LOAD CMakeFiles/UOSM-SteeringWheel-L432.elf.dir/Core/Modules/LightsModule.c.obj
LOAD CMakeFiles/UOSM-SteeringWheel-L432.elf.dir/Core/Modules/ThrottleModule.c.obj
LOAD CMakeFiles/UOSM-SteeringWheel-L432.elf.dir/Core/Src/freertos.c.obj
LOAD CMakeFiles/UOSM-SteeringWheel-L432.elf.dir/Core/Src/main.c.obj
LOAD CMakeFiles/UOSM-SteeringWheel-L432.elf.dir/Core/Src/stm32l4xx_hal_msp.c.obj
LOAD CMakeFiles/UOSM-SteeringWheel-L432.elf.dir/Core/Src/stm32l4xx_hal_timebase_tim.c.obj
LOAD CMakeFiles/UOSM-SteeringWheel-L432.elf.dir/Core/Src/stm32l4xx_it.c.obj
LOAD CMakeFiles/UOSM-SteeringWheel-L432.elf.dir/Core/Src/syscalls.c.obj
LOAD CMakeFiles/UOSM-SteeringWheel-L432.elf.dir/Core/Src/sysmem.c.obj
LOAD CMakeFiles/UOSM-SteeringWheel-L432.elf.dir/Core/Src/system_stm32l4xx.c.obj
LOAD CMakeFiles/UOSM-SteeringWheel-L432.elf.dir/Core/Startup/startup_stm32l432kcux.s.obj
LOAD CMakeFiles/UOSM-SteeringWheel-L432.elf.dir/Core/Tasks/ClockTask.c.obj
LOAD CMakeFiles/UOSM-SteeringWheel-L432.elf.dir/Core/Tasks/InternalCommsTask.c.obj
LOAD CMakeFiles/UOSM-SteeringWheel-L432.elf.dir/Core/Tasks/LightsTask.c.obj
LOAD CMakeFiles/UOSM-SteeringWheel-L432.elf.dir/Core/Tasks/SegDisplayTask.c.obj
LOAD CMakeFiles/UOSM-SteeringWheel-L432.elf.dir/Core/Tasks/TaskManager.c.obj
LOAD CMakeFiles/UOSM-SteeringWheel-L432.elf.dir/Core/Tasks/ThrottleTask.c.obj
LOAD CMakeFiles/UOSM-SteeringWheel-L432.elf.dir/Core/UserDrivers/ADCDriver.c.obj
LOAD CMakeFiles/UOSM-SteeringWheel-L432.elf.dir/Core/UserDrivers/I2CDisplayDriver.c.obj
LOAD CMakeFiles/UOSM-SteeringWheel-L432.elf.dir/Core/UserDrivers/MAX6955.c.obj
LOAD CMakeFiles/UOSM-SteeringWheel-L432.elf.dir/Drivers/STM32L4xx_HAL_Driver/Src/stm32l4xx_hal.c.obj
LOAD CMakeFiles/UOSM-SteeringWheel-L432.elf.dir/Drivers/STM32L4xx_HAL_Driver/Src/stm32l4xx_hal_adc.c.obj
LOAD CMakeFiles/UOSM-SteeringWheel-L432.elf.dir/Drivers/STM32L4xx_HAL_Driver/Src/stm32l4xx_hal_adc_ex.c.obj
LOAD CMakeFiles/UOSM-SteeringWheel-L432.elf.dir/Drivers/STM32L4xx_HAL_Driver/Src/stm32l4xx_hal_cortex.c.obj
LOAD CMakeFiles/UOSM-SteeringWheel-L432.elf.dir/Drivers/STM32L4xx_HAL_Driver/Src/stm32l4xx_hal_dma.c.obj
LOAD CMakeFiles/UOSM-SteeringWheel-L432.elf.dir/Drivers/STM32L4xx_HAL_Driver/Src/stm32l4xx_hal_dma_ex.c.obj
LOAD CMakeFiles/UOSM-SteeringWheel-L432.elf.dir/Drivers/STM32L4xx_HAL_Driver/Src/stm32l4xx_hal_exti.c.obj
LOAD CMakeFiles/UOSM-SteeringWheel-L432.elf.dir/Drivers/STM32L4xx_HAL_Driver/Src/stm32l4xx_hal_flash.c.obj
LOAD CMakeFiles/UOSM-SteeringWheel-L432.elf.dir/Drivers/STM32L4xx_HAL_Driver/Src/stm32l4xx_hal_flash_ex.c.obj
LOAD CMakeFiles/UOSM-SteeringWheel-L432.elf.dir/Drivers/STM32L4xx_HAL_Driver/Src/stm32l4xx_hal_flash_ramfunc.c.obj
LOAD CMakeFiles/UOSM-SteeringWheel-L432.elf.dir/Drivers/STM32L4xx_HAL_Driver/Src/stm32l4xx_hal_gpio.c.obj
LOAD CMakeFiles/UOSM-SteeringWheel-L432.elf.dir/Drivers/STM32L4xx_HAL_Driver/Src/stm32l4xx_hal_i2c.c.obj
LOAD CMakeFiles/UOSM-SteeringWheel-L432.elf.dir/Drivers/STM32L4xx_HAL_Driver/Src/stm32l4xx_hal_i2c_ex.c.obj
LOAD CMakeFiles/UOSM-SteeringWheel-L432.elf.dir/Drivers/STM32L4xx_HAL_Driver/Src/stm32l4xx_hal_pwr.c.obj
LOAD CMakeFiles/UOSM-SteeringWheel-L432.elf.dir/Drivers/STM32L4xx_HAL_Driver/Src/stm32l4xx_hal_pwr_ex.c.obj
LOAD CMakeFiles/UOSM-SteeringWheel-L432.elf.dir/Drivers/STM32L4xx_HAL_Driver/Src/stm32l4xx_hal_rcc.c.obj
LOAD CMakeFiles/UOSM-SteeringWheel-L432.elf.dir/Drivers/STM32L4xx_HAL_Driver/Src/stm32l4xx_hal_rcc_ex.c.obj
LOAD CMakeFiles/UOSM-SteeringWheel-L432.elf.dir/Drivers/STM32L4xx_HAL_Driver/Src/stm32l4xx_hal_spi.c.obj
LOAD CMakeFiles/UOSM-SteeringWheel-L432.elf.dir/Drivers/STM32L4xx_HAL_Driver/Src/stm32l4xx_hal_spi_ex.c.obj
LOAD CMakeFiles/UOSM-SteeringWheel-L432.elf.dir/Drivers/STM32L4xx_HAL_Driver/Src/stm32l4xx_hal_tim.c.obj
LOAD CMakeFiles/UOSM-SteeringWheel-L432.elf.dir/Drivers/STM32L4xx_HAL_Driver/Src/stm32l4xx_hal_tim_ex.c.obj
LOAD CMakeFiles/UOSM-SteeringWheel-L432.elf.dir/Drivers/STM32L4xx_HAL_Driver/Src/stm32l4xx_hal_uart.c.obj
LOAD CMakeFiles/UOSM-SteeringWheel-L432.elf.dir/Drivers/STM32L4xx_HAL_Driver/Src/stm32l4xx_hal_uart_ex.c.obj
LOAD CMakeFiles/UOSM-SteeringWheel-L432.elf.dir/Middlewares/Third_Party/FreeRTOS/Source/CMSIS_RTOS_V2/cmsis_os2.c.obj
LOAD CMakeFiles/UOSM-SteeringWheel-L432.elf.dir/Middlewares/Third_Party/FreeRTOS/Source/croutine.c.obj
LOAD CMakeFiles/UOSM-SteeringWheel-L432.elf.dir/Middlewares/Third_Party/FreeRTOS/Source/event_groups.c.obj
LOAD CMakeFiles/UOSM-SteeringWheel-L432.elf.dir/Middlewares/Third_Party/FreeRTOS/Source/list.c.obj
LOAD CMakeFiles/UOSM-SteeringWheel-L432.elf.dir/Middlewares/Third_Party/FreeRTOS/Source/portable/GCC/ARM_CM4F/port.c.obj
LOAD CMakeFiles/UOSM-SteeringWheel-L432.elf.dir/Middlewares/Third_Party/FreeRTOS/Source/portable/MemMang/heap_4.c.obj
LOAD CMakeFiles/UOSM-SteeringWheel-L432.elf.dir/Middlewares/Third_Party/FreeRTOS/Source/queue.c.obj
LOAD CMakeFiles/UOSM-SteeringWheel-L432.elf.dir/Middlewares/Third_Party/FreeRTOS/Source/stream_buffer.c.obj
LOAD CMakeFiles/UOSM-SteeringWheel-L432.elf.dir/Middlewares/Third_Party/FreeRTOS/Source/tasks.c.obj
LOAD CMakeFiles/UOSM-SteeringWheel-L432.elf.dir/Middlewares/Third_Party/FreeRTOS/Source/timers.c.obj
LOAD CMakeFiles/UOSM-SteeringWheel-L432.elf.dir/UOSM-Core/Drivers/CANDriver.c.obj
LOAD CMakeFiles/UOSM-SteeringWheel-L432.elf.dir/UOSM-Core/Drivers/MCP2515.c.obj
LOAD CMakeFiles/UOSM-SteeringWheel-L432.elf.dir/UOSM-Core/Drivers/SerialDebugDriver.c.obj
LOAD CMakeFiles/UOSM-SteeringWheel-L432.elf.dir/UOSM-Core/Modules/CANMessageLookUpModule.c.obj
LOAD CMakeFiles/UOSM-SteeringWheel-L432.elf.dir/UOSM-Core/Modules/InternalCommsModule.c.obj
LOAD CMakeFiles/UOSM-SteeringWheel-L432.elf.dir/UOSM-Core/Utils/Identifiable.cpp.obj
LOAD /Applications/ArmGNUToolchain/12.3.rel1/arm-none-eabi/bin/../lib/gcc/arm-none-eabi/12.3.1/../../../../arm-none-eabi/lib/thumb/v7e-m+fp/hard/libstdc++.a
LOAD /Applications/ArmGNUToolchain/12.3.rel1/arm-none-eabi/bin/../lib/gcc/arm-none-eabi/12.3.1/../../../../arm-none-eabi/lib/thumb/v7e-m+fp/hard/libm.a
START GROUP
LOAD /Applications/ArmGNUToolchain/12.3.rel1/arm-none-eabi/bin/../lib/gcc/arm-none-eabi/12.3.1/thumb/v7e-m+fp/hard/libgcc.a
LOAD /Applications/ArmGNUToolchain/12.3.rel1/arm-none-eabi/bin/../lib/gcc/arm-none-eabi/12.3.1/../../../../arm-none-eabi/lib/thumb/v7e-m+fp/hard/libc.a
END GROUP
LOAD /Applications/ArmGNUToolchain/12.3.rel1/arm-none-eabi/bin/../lib/gcc/arm-none-eabi/12.3.1/thumb/v7e-m+fp/hard/crtend.o
LOAD /Applications/ArmGNUToolchain/12.3.rel1/arm-none-eabi/bin/../lib/gcc/arm-none-eabi/12.3.1/thumb/v7e-m+fp/hard/crtn.o
                0x20010000                        _estack = (ORIGIN (RAM) + LENGTH (RAM))
                0x00000200                        _Min_Heap_Size = 0x200
                0x00000400                        _Min_Stack_Size = 0x400

.isr_vector     0x08000000      0x18c
                0x08000000                        . = ALIGN (0x4)
 *(.isr_vector)
 .isr_vector    0x08000000      0x18c CMakeFiles/UOSM-SteeringWheel-L432.elf.dir/Core/Startup/startup_stm32l432kcux.s.obj
                0x08000000                g_pfnVectors
                0x0800018c                        . = ALIGN (0x4)

.text           0x080001c0     0xe738
                0x080001c0                        . = ALIGN (0x4)
 *(.text)
 .text          0x080001c0       0x30 /Applications/ArmGNUToolchain/12.3.rel1/arm-none-eabi/bin/../lib/gcc/arm-none-eabi/12.3.1/thumb/v7e-m+fp/hard/libgcc.a(_aeabi_uldivmod.o)
                0x080001c0                __aeabi_uldivmod
 .text          0x080001f0        0x4 /Applications/ArmGNUToolchain/12.3.rel1/arm-none-eabi/bin/../lib/gcc/arm-none-eabi/12.3.1/thumb/v7e-m+fp/hard/libgcc.a(_dvmd_tls.o)
                0x080001f0                __aeabi_ldiv0
                0x080001f0                __aeabi_idiv0
 .text          0x080001f4      0x134 /Applications/ArmGNUToolchain/12.3.rel1/arm-none-eabi/bin/../lib/gcc/arm-none-eabi/12.3.1/../../../../arm-none-eabi/lib/thumb/v7e-m+fp/hard/libc.a(libc_a-memcpy.o)
                0x080001f4                memcpy
 *fill*         0x08000328        0x8 
 .text          0x08000330       0xa0 /Applications/ArmGNUToolchain/12.3.rel1/arm-none-eabi/bin/../lib/gcc/arm-none-eabi/12.3.1/../../../../arm-none-eabi/lib/thumb/v7e-m+fp/hard/libc.a(libc_a-memchr.o)
                0x08000330                memchr
 *fill*         0x080003d0       0x30 
 .text          0x08000400       0xd8 /Applications/ArmGNUToolchain/12.3.rel1/arm-none-eabi/bin/../lib/gcc/arm-none-eabi/12.3.1/../../../../arm-none-eabi/lib/thumb/v7e-m+fp/hard/libc.a(libc_a-strlen.o)
                0x08000400                strlen
 .text          0x080004d8      0x378 /Applications/ArmGNUToolchain/12.3.rel1/arm-none-eabi/bin/../lib/gcc/arm-none-eabi/12.3.1/thumb/v7e-m+fp/hard/libgcc.a(_arm_addsubdf3.o)
                0x080004d8                __aeabi_drsub
                0x080004e0                __subdf3
                0x080004e0                __aeabi_dsub
                0x080004e4                __aeabi_dadd
                0x080004e4                __adddf3
                0x0800075c                __aeabi_ui2d
                0x0800075c                __floatunsidf
                0x0800077c                __floatsidf
                0x0800077c                __aeabi_i2d
                0x080007a0                __extendsfdf2
                0x080007a0                __aeabi_f2d
                0x080007e4                __aeabi_ul2d
                0x080007e4                __floatundidf
                0x080007f4                __aeabi_l2d
                0x080007f4                __floatdidf
 .text          0x08000850      0x424 /Applications/ArmGNUToolchain/12.3.rel1/arm-none-eabi/bin/../lib/gcc/arm-none-eabi/12.3.1/thumb/v7e-m+fp/hard/libgcc.a(_arm_muldivdf3.o)
                0x08000850                __aeabi_dmul
                0x08000850                __muldf3
                0x08000aa4                __aeabi_ddiv
                0x08000aa4                __divdf3
 .text          0x08000c74      0x110 /Applications/ArmGNUToolchain/12.3.rel1/arm-none-eabi/bin/../lib/gcc/arm-none-eabi/12.3.1/thumb/v7e-m+fp/hard/libgcc.a(_arm_cmpdf2.o)
                0x08000c74                __gedf2
                0x08000c74                __gtdf2
                0x08000c7c                __ledf2
                0x08000c7c                __ltdf2
                0x08000c84                __cmpdf2
                0x08000c84                __eqdf2
                0x08000c84                __nedf2
                0x08000d00                __aeabi_cdrcmple
                0x08000d10                __aeabi_cdcmple
                0x08000d10                __aeabi_cdcmpeq
                0x08000d20                __aeabi_dcmpeq
                0x08000d34                __aeabi_dcmplt
                0x08000d48                __aeabi_dcmple
                0x08000d5c                __aeabi_dcmpge
                0x08000d70                __aeabi_dcmpgt
 .text          0x08000d84       0x2c /Applications/ArmGNUToolchain/12.3.rel1/arm-none-eabi/bin/../lib/gcc/arm-none-eabi/12.3.1/thumb/v7e-m+fp/hard/libgcc.a(_arm_unorddf2.o)
                0x08000d84                __aeabi_dcmpun
                0x08000d84                __unorddf2
 .text          0x08000db0       0x50 /Applications/ArmGNUToolchain/12.3.rel1/arm-none-eabi/bin/../lib/gcc/arm-none-eabi/12.3.1/thumb/v7e-m+fp/hard/libgcc.a(_arm_fixdfsi.o)
                0x08000db0                __fixdfsi
                0x08000db0                __aeabi_d2iz
 *(.text*)
 .text.deregister_tm_clones
                0x08000e00       0x1c /Applications/ArmGNUToolchain/12.3.rel1/arm-none-eabi/bin/../lib/gcc/arm-none-eabi/12.3.1/thumb/v7e-m+fp/hard/crtbegin.o
 .text.register_tm_clones
                0x08000e1c       0x24 /Applications/ArmGNUToolchain/12.3.rel1/arm-none-eabi/bin/../lib/gcc/arm-none-eabi/12.3.1/thumb/v7e-m+fp/hard/crtbegin.o
 .text.__do_global_dtors_aux
                0x08000e40       0x28 /Applications/ArmGNUToolchain/12.3.rel1/arm-none-eabi/bin/../lib/gcc/arm-none-eabi/12.3.1/thumb/v7e-m+fp/hard/crtbegin.o
 .text.frame_dummy
                0x08000e68       0x24 /Applications/ArmGNUToolchain/12.3.rel1/arm-none-eabi/bin/../lib/gcc/arm-none-eabi/12.3.1/thumb/v7e-m+fp/hard/crtbegin.o
 .text.ErrorDataCallback
                0x08000e8c       0x50 CMakeFiles/UOSM-SteeringWheel-L432.elf.dir/Core/Modules/CANCallbacks.c.obj
                0x08000e8c                ErrorDataCallback
 .text.EventDataCallback
                0x08000edc       0x64 CMakeFiles/UOSM-SteeringWheel-L432.elf.dir/Core/Modules/CANCallbacks.c.obj
                0x08000edc                EventDataCallback
 .text.MotorRPMDataCallback
                0x08000f40       0x20 CMakeFiles/UOSM-SteeringWheel-L432.elf.dir/Core/Modules/CANCallbacks.c.obj
                0x08000f40                MotorRPMDataCallback
 .text.CurrentVoltageDataCallback
                0x08000f60       0x38 CMakeFiles/UOSM-SteeringWheel-L432.elf.dir/Core/Modules/CANCallbacks.c.obj
                0x08000f60                CurrentVoltageDataCallback
 .text.SpeedDataCallback
                0x08000f98       0x20 CMakeFiles/UOSM-SteeringWheel-L432.elf.dir/Core/Modules/CANCallbacks.c.obj
                0x08000f98                SpeedDataCallback
 .text.ThrottleDataCallback
                0x08000fb8       0x10 CMakeFiles/UOSM-SteeringWheel-L432.elf.dir/Core/Modules/CANCallbacks.c.obj
                0x08000fb8                ThrottleDataCallback
 .text.PressureDataCallback
                0x08000fc8       0x10 CMakeFiles/UOSM-SteeringWheel-L432.elf.dir/Core/Modules/CANCallbacks.c.obj
                0x08000fc8                PressureDataCallback
 .text.TemperatureDataCallback
                0x08000fd8       0x10 CMakeFiles/UOSM-SteeringWheel-L432.elf.dir/Core/Modules/CANCallbacks.c.obj
                0x08000fd8                TemperatureDataCallback
 .text.LightsDataCallback
                0x08000fe8       0x10 CMakeFiles/UOSM-SteeringWheel-L432.elf.dir/Core/Modules/CANCallbacks.c.obj
                0x08000fe8                LightsDataCallback
 .text.ClockModule_ToggleCallback
                0x08000ff8       0x30 CMakeFiles/UOSM-SteeringWheel-L432.elf.dir/Core/Modules/ClockModule.c.obj
 .text.ClockModule_Init
                0x08001028       0x10 CMakeFiles/UOSM-SteeringWheel-L432.elf.dir/Core/Modules/ClockModule.c.obj
                0x08001028                ClockModule_Init
 .text.ClockModule_Update
                0x08001038       0x3c CMakeFiles/UOSM-SteeringWheel-L432.elf.dir/Core/Modules/ClockModule.c.obj
                0x08001038                ClockModule_Update
 .text.SystemGetSpeed
                0x08001074        0xc CMakeFiles/UOSM-SteeringWheel-L432.elf.dir/Core/Modules/DataAggregation.c.obj
                0x08001074                SystemGetSpeed
 .text.SystemGetThrottlePercentage
                0x08001080        0xc CMakeFiles/UOSM-SteeringWheel-L432.elf.dir/Core/Modules/DataAggregation.c.obj
                0x08001080                SystemGetThrottlePercentage
 .text.SystemGetRunTime
                0x0800108c        0xc CMakeFiles/UOSM-SteeringWheel-L432.elf.dir/Core/Modules/DataAggregation.c.obj
                0x0800108c                SystemGetRunTime
 .text.SystemGetRunTimeSeconds
                0x08001098       0x18 CMakeFiles/UOSM-SteeringWheel-L432.elf.dir/Core/Modules/DataAggregation.c.obj
                0x08001098                SystemGetRunTimeSeconds
 .text.SystemGetClockState
                0x080010b0       0x10 CMakeFiles/UOSM-SteeringWheel-L432.elf.dir/Core/Modules/DataAggregation.c.obj
                0x080010b0                SystemGetClockState
 .text.SystemGetThrottleTooHigh
                0x080010c0       0x10 CMakeFiles/UOSM-SteeringWheel-L432.elf.dir/Core/Modules/DataAggregation.c.obj
                0x080010c0                SystemGetThrottleTooHigh
 .text.SystemGetMotorInitializing
                0x080010d0       0x10 CMakeFiles/UOSM-SteeringWheel-L432.elf.dir/Core/Modules/DataAggregation.c.obj
                0x080010d0                SystemGetMotorInitializing
 .text.SystemGetUndervoltage
                0x080010e0       0x10 CMakeFiles/UOSM-SteeringWheel-L432.elf.dir/Core/Modules/DataAggregation.c.obj
                0x080010e0                SystemGetUndervoltage
 .text.SystemSetSpeed
                0x080010f0        0xc CMakeFiles/UOSM-SteeringWheel-L432.elf.dir/Core/Modules/DataAggregation.c.obj
                0x080010f0                SystemSetSpeed
 .text.SystemSetThrottleRaw
                0x080010fc        0xc CMakeFiles/UOSM-SteeringWheel-L432.elf.dir/Core/Modules/DataAggregation.c.obj
                0x080010fc                SystemSetThrottleRaw
 .text.SystemClearRunTime
                0x08001108        0xc CMakeFiles/UOSM-SteeringWheel-L432.elf.dir/Core/Modules/DataAggregation.c.obj
                0x08001108                SystemClearRunTime
 .text.SystemIncrementRunTime
                0x08001114       0x10 CMakeFiles/UOSM-SteeringWheel-L432.elf.dir/Core/Modules/DataAggregation.c.obj
                0x08001114                SystemIncrementRunTime
 .text.SystemSetClockState
                0x08001124       0x10 CMakeFiles/UOSM-SteeringWheel-L432.elf.dir/Core/Modules/DataAggregation.c.obj
                0x08001124                SystemSetClockState
 .text.SystemSetThrottleTooHigh
                0x08001134       0x10 CMakeFiles/UOSM-SteeringWheel-L432.elf.dir/Core/Modules/DataAggregation.c.obj
                0x08001134                SystemSetThrottleTooHigh
 .text.SystemSetMotorInitializing
                0x08001144       0x10 CMakeFiles/UOSM-SteeringWheel-L432.elf.dir/Core/Modules/DataAggregation.c.obj
                0x08001144                SystemSetMotorInitializing
 .text.SystemSetUndervoltage
                0x08001154       0x10 CMakeFiles/UOSM-SteeringWheel-L432.elf.dir/Core/Modules/DataAggregation.c.obj
                0x08001154                SystemSetUndervoltage
 .text.SystemGetBatteryVoltage
                0x08001164        0xc CMakeFiles/UOSM-SteeringWheel-L432.elf.dir/Core/Modules/DataAggregation.c.obj
                0x08001164                SystemGetBatteryVoltage
 .text.SystemSetBatteryVoltage
                0x08001170       0x2c CMakeFiles/UOSM-SteeringWheel-L432.elf.dir/Core/Modules/DataAggregation.c.obj
                0x08001170                SystemSetBatteryVoltage
 .text.SystemSetMotorRPM
                0x0800119c        0xc CMakeFiles/UOSM-SteeringWheel-L432.elf.dir/Core/Modules/DataAggregation.c.obj
                0x0800119c                SystemSetMotorRPM
 .text.SystemGetMotorRPM
                0x080011a8        0xc CMakeFiles/UOSM-SteeringWheel-L432.elf.dir/Core/Modules/DataAggregation.c.obj
                0x080011a8                SystemGetMotorRPM
 .text.SystemGetDriverEnabled
                0x080011b4       0x10 CMakeFiles/UOSM-SteeringWheel-L432.elf.dir/Core/Modules/DataAggregation.c.obj
                0x080011b4                SystemGetDriverEnabled
 .text.SystemSetLightsTurningLeft
                0x080011c4       0x10 CMakeFiles/UOSM-SteeringWheel-L432.elf.dir/Core/Modules/DataAggregation.c.obj
                0x080011c4                SystemSetLightsTurningLeft
 .text.SystemSetLightsTurningRight
                0x080011d4       0x10 CMakeFiles/UOSM-SteeringWheel-L432.elf.dir/Core/Modules/DataAggregation.c.obj
                0x080011d4                SystemSetLightsTurningRight
 .text.SystemSetLightsTurningHazards
                0x080011e4       0x10 CMakeFiles/UOSM-SteeringWheel-L432.elf.dir/Core/Modules/DataAggregation.c.obj
                0x080011e4                SystemSetLightsTurningHazards
 .text.InitDataAggregator
                0x080011f4       0x18 CMakeFiles/UOSM-SteeringWheel-L432.elf.dir/Core/Modules/DataAggregation.c.obj
                0x080011f4                InitDataAggregator
 .text.InteruptRegisterCallback
                0x0800120c       0x14 CMakeFiles/UOSM-SteeringWheel-L432.elf.dir/Core/Modules/InteruptModule.c.obj
                0x0800120c                InteruptRegisterCallback
 .text.HAL_GPIO_EXTI_Callback
                0x08001220      0x120 CMakeFiles/UOSM-SteeringWheel-L432.elf.dir/Core/Modules/InteruptModule.c.obj
                0x08001220                HAL_GPIO_EXTI_Callback
 .text.LightsModule_Init
                0x08001340       0x10 CMakeFiles/UOSM-SteeringWheel-L432.elf.dir/Core/Modules/LightsModule.c.obj
                0x08001340                LightsModule_Init
 .text.LightsModule_PeriodicJob
                0x08001350       0x50 CMakeFiles/UOSM-SteeringWheel-L432.elf.dir/Core/Modules/LightsModule.c.obj
                0x08001350                LightsModule_PeriodicJob
 .text.Throttle_UpdateThrottle
                0x080013a0       0x40 CMakeFiles/UOSM-SteeringWheel-L432.elf.dir/Core/Modules/ThrottleModule.c.obj
                0x080013a0                Throttle_UpdateThrottle
 .text.StartDefaultTask
                0x080013e0        0xc CMakeFiles/UOSM-SteeringWheel-L432.elf.dir/Core/Src/main.c.obj
                0x080013e0                StartDefaultTask
 .text.SystemClock_Config
                0x080013ec       0x7c CMakeFiles/UOSM-SteeringWheel-L432.elf.dir/Core/Src/main.c.obj
                0x080013ec                SystemClock_Config
 .text.startup.main
                0x08001468      0x1f4 CMakeFiles/UOSM-SteeringWheel-L432.elf.dir/Core/Src/main.c.obj
                0x08001468                main
 .text.HAL_TIM_PeriodElapsedCallback
                0x0800165c       0x14 CMakeFiles/UOSM-SteeringWheel-L432.elf.dir/Core/Src/main.c.obj
                0x0800165c                HAL_TIM_PeriodElapsedCallback
 .text.Error_Handler
                0x08001670        0x4 CMakeFiles/UOSM-SteeringWheel-L432.elf.dir/Core/Src/main.c.obj
                0x08001670                Error_Handler
 .text.HAL_MspInit
                0x08001674       0x40 CMakeFiles/UOSM-SteeringWheel-L432.elf.dir/Core/Src/stm32l4xx_hal_msp.c.obj
                0x08001674                HAL_MspInit
 *fill*         0x080016b4        0x4 
 .text.HAL_ADC_MspInit
                0x080016b8       0xb0 CMakeFiles/UOSM-SteeringWheel-L432.elf.dir/Core/Src/stm32l4xx_hal_msp.c.obj
                0x080016b8                HAL_ADC_MspInit
 .text.HAL_I2C_MspInit
                0x08001768       0x90 CMakeFiles/UOSM-SteeringWheel-L432.elf.dir/Core/Src/stm32l4xx_hal_msp.c.obj
                0x08001768                HAL_I2C_MspInit
 .text.HAL_SPI_MspInit
                0x080017f8       0x74 CMakeFiles/UOSM-SteeringWheel-L432.elf.dir/Core/Src/stm32l4xx_hal_msp.c.obj
                0x080017f8                HAL_SPI_MspInit
 .text.HAL_UART_MspInit
                0x0800186c       0xa8 CMakeFiles/UOSM-SteeringWheel-L432.elf.dir/Core/Src/stm32l4xx_hal_msp.c.obj
                0x0800186c                HAL_UART_MspInit
 .text.HAL_InitTick
                0x08001914       0x94 CMakeFiles/UOSM-SteeringWheel-L432.elf.dir/Core/Src/stm32l4xx_hal_timebase_tim.c.obj
                0x08001914                HAL_InitTick
 .text.NMI_Handler
                0x080019a8        0x4 CMakeFiles/UOSM-SteeringWheel-L432.elf.dir/Core/Src/stm32l4xx_it.c.obj
                0x080019a8                NMI_Handler
 .text.HardFault_Handler
                0x080019ac        0x4 CMakeFiles/UOSM-SteeringWheel-L432.elf.dir/Core/Src/stm32l4xx_it.c.obj
                0x080019ac                HardFault_Handler
 .text.MemManage_Handler
                0x080019b0        0x4 CMakeFiles/UOSM-SteeringWheel-L432.elf.dir/Core/Src/stm32l4xx_it.c.obj
                0x080019b0                MemManage_Handler
 .text.BusFault_Handler
                0x080019b4        0x4 CMakeFiles/UOSM-SteeringWheel-L432.elf.dir/Core/Src/stm32l4xx_it.c.obj
                0x080019b4                BusFault_Handler
 .text.UsageFault_Handler
                0x080019b8        0x4 CMakeFiles/UOSM-SteeringWheel-L432.elf.dir/Core/Src/stm32l4xx_it.c.obj
                0x080019b8                UsageFault_Handler
 .text.DebugMon_Handler
                0x080019bc        0x4 CMakeFiles/UOSM-SteeringWheel-L432.elf.dir/Core/Src/stm32l4xx_it.c.obj
                0x080019bc                DebugMon_Handler
 .text.EXTI3_IRQHandler
                0x080019c0        0x8 CMakeFiles/UOSM-SteeringWheel-L432.elf.dir/Core/Src/stm32l4xx_it.c.obj
                0x080019c0                EXTI3_IRQHandler
 .text.TIM1_BRK_TIM15_IRQHandler
                0x080019c8        0xc CMakeFiles/UOSM-SteeringWheel-L432.elf.dir/Core/Src/stm32l4xx_it.c.obj
                0x080019c8                TIM1_BRK_TIM15_IRQHandler
 .text._getpid  0x080019d4        0x4 CMakeFiles/UOSM-SteeringWheel-L432.elf.dir/Core/Src/syscalls.c.obj
                0x080019d4                _getpid
 .text._kill    0x080019d8       0x10 CMakeFiles/UOSM-SteeringWheel-L432.elf.dir/Core/Src/syscalls.c.obj
                0x080019d8                _kill
 .text._exit    0x080019e8        0xc CMakeFiles/UOSM-SteeringWheel-L432.elf.dir/Core/Src/syscalls.c.obj
                0x080019e8                _exit
 .text._read    0x080019f4       0x1c CMakeFiles/UOSM-SteeringWheel-L432.elf.dir/Core/Src/syscalls.c.obj
                0x080019f4                _read
 .text._write   0x08001a10       0x1c CMakeFiles/UOSM-SteeringWheel-L432.elf.dir/Core/Src/syscalls.c.obj
                0x08001a10                _write
 .text._close   0x08001a2c        0x8 CMakeFiles/UOSM-SteeringWheel-L432.elf.dir/Core/Src/syscalls.c.obj
                0x08001a2c                _close
 .text._fstat   0x08001a34        0xc CMakeFiles/UOSM-SteeringWheel-L432.elf.dir/Core/Src/syscalls.c.obj
                0x08001a34                _fstat
 .text._isatty  0x08001a40        0x4 CMakeFiles/UOSM-SteeringWheel-L432.elf.dir/Core/Src/syscalls.c.obj
                0x08001a40                _isatty
 .text._lseek   0x08001a44        0x4 CMakeFiles/UOSM-SteeringWheel-L432.elf.dir/Core/Src/syscalls.c.obj
                0x08001a44                _lseek
 .text._sbrk    0x08001a48       0x44 CMakeFiles/UOSM-SteeringWheel-L432.elf.dir/Core/Src/sysmem.c.obj
                0x08001a48                _sbrk
 .text.SystemInit
                0x08001a8c       0x14 CMakeFiles/UOSM-SteeringWheel-L432.elf.dir/Core/Src/system_stm32l4xx.c.obj
                0x08001a8c                SystemInit
 .text.Reset_Handler
                0x08001aa0       0x50 CMakeFiles/UOSM-SteeringWheel-L432.elf.dir/Core/Startup/startup_stm32l432kcux.s.obj
                0x08001aa0                Reset_Handler
 .text.Default_Handler
                0x08001af0        0x2 CMakeFiles/UOSM-SteeringWheel-L432.elf.dir/Core/Startup/startup_stm32l432kcux.s.obj
                0x08001af0                DMA2_Channel3_IRQHandler
                0x08001af0                EXTI2_IRQHandler
                0x08001af0                TIM1_CC_IRQHandler
                0x08001af0                TSC_IRQHandler
                0x08001af0                TAMP_STAMP_IRQHandler
                0x08001af0                LPTIM2_IRQHandler
                0x08001af0                I2C3_ER_IRQHandler
                0x08001af0                EXTI0_IRQHandler
                0x08001af0                CAN1_RX0_IRQHandler
                0x08001af0                FPU_IRQHandler
                0x08001af0                TIM1_UP_TIM16_IRQHandler
                0x08001af0                SPI1_IRQHandler
                0x08001af0                TIM6_DAC_IRQHandler
                0x08001af0                DMA2_Channel2_IRQHandler
                0x08001af0                DMA1_Channel4_IRQHandler
                0x08001af0                ADC1_IRQHandler
                0x08001af0                DMA1_Channel7_IRQHandler
                0x08001af0                CAN1_RX1_IRQHandler
                0x08001af0                DMA2_Channel1_IRQHandler
                0x08001af0                QUADSPI_IRQHandler
                0x08001af0                I2C1_EV_IRQHandler
                0x08001af0                DMA1_Channel6_IRQHandler
                0x08001af0                DMA2_Channel4_IRQHandler
                0x08001af0                RCC_IRQHandler
                0x08001af0                TIM1_TRG_COM_IRQHandler
                0x08001af0                DMA1_Channel1_IRQHandler
                0x08001af0                Default_Handler
                0x08001af0                DMA2_Channel7_IRQHandler
                0x08001af0                EXTI15_10_IRQHandler
                0x08001af0                TIM7_IRQHandler
                0x08001af0                I2C3_EV_IRQHandler
                0x08001af0                USB_IRQHandler
                0x08001af0                EXTI9_5_IRQHandler
                0x08001af0                RTC_WKUP_IRQHandler
                0x08001af0                PVD_PVM_IRQHandler
                0x08001af0                CAN1_TX_IRQHandler
                0x08001af0                DMA2_Channel5_IRQHandler
                0x08001af0                CRS_IRQHandler
                0x08001af0                DMA1_Channel5_IRQHandler
                0x08001af0                EXTI4_IRQHandler
                0x08001af0                RNG_IRQHandler
                0x08001af0                DMA1_Channel3_IRQHandler
                0x08001af0                COMP_IRQHandler
                0x08001af0                WWDG_IRQHandler
                0x08001af0                LPUART1_IRQHandler
                0x08001af0                DMA2_Channel6_IRQHandler
                0x08001af0                TIM2_IRQHandler
                0x08001af0                EXTI1_IRQHandler
                0x08001af0                USART2_IRQHandler
                0x08001af0                DMA1_Channel2_IRQHandler
                0x08001af0                CAN1_SCE_IRQHandler
                0x08001af0                FLASH_IRQHandler
                0x08001af0                USART1_IRQHandler
                0x08001af0                SPI3_IRQHandler
                0x08001af0                I2C1_ER_IRQHandler
                0x08001af0                SWPMI1_IRQHandler
                0x08001af0                LPTIM1_IRQHandler
                0x08001af0                SAI1_IRQHandler
                0x08001af0                RTC_Alarm_IRQHandler
 *fill*         0x08001af2        0x2 
 .text.ClockTask
                0x08001af4       0x3c CMakeFiles/UOSM-SteeringWheel-L432.elf.dir/Core/Tasks/ClockTask.c.obj
                0x08001af4                ClockTask
 .text.InitClockTask
                0x08001b30       0x20 CMakeFiles/UOSM-SteeringWheel-L432.elf.dir/Core/Tasks/ClockTask.c.obj
                0x08001b30                InitClockTask
 .text.InternalCommsTask
                0x08001b50       0xc0 CMakeFiles/UOSM-SteeringWheel-L432.elf.dir/Core/Tasks/InternalCommsTask.c.obj
                0x08001b50                InternalCommsTask
 .text.InitInternalCommsTask
                0x08001c10       0x20 CMakeFiles/UOSM-SteeringWheel-L432.elf.dir/Core/Tasks/InternalCommsTask.c.obj
                0x08001c10                InitInternalCommsTask
 .text.LightsTask
                0x08001c30       0x3c CMakeFiles/UOSM-SteeringWheel-L432.elf.dir/Core/Tasks/LightsTask.c.obj
                0x08001c30                LightsTask
 .text.InitLightsTask
                0x08001c6c       0x20 CMakeFiles/UOSM-SteeringWheel-L432.elf.dir/Core/Tasks/LightsTask.c.obj
                0x08001c6c                InitLightsTask
 .text.SegDisplayTask
                0x08001c8c       0xa8 CMakeFiles/UOSM-SteeringWheel-L432.elf.dir/Core/Tasks/SegDisplayTask.c.obj
                0x08001c8c                SegDisplayTask
 .text.InitSegDisplayTask
                0x08001d34       0x20 CMakeFiles/UOSM-SteeringWheel-L432.elf.dir/Core/Tasks/SegDisplayTask.c.obj
                0x08001d34                InitSegDisplayTask
 .text.RunTaskManager
                0x08001d54       0x20 CMakeFiles/UOSM-SteeringWheel-L432.elf.dir/Core/Tasks/TaskManager.c.obj
                0x08001d54                RunTaskManager
 .text.ThrottleTask
                0x08001d74       0x34 CMakeFiles/UOSM-SteeringWheel-L432.elf.dir/Core/Tasks/ThrottleTask.c.obj
                0x08001d74                ThrottleTask
 .text.InitThrottleTask
                0x08001da8       0x20 CMakeFiles/UOSM-SteeringWheel-L432.elf.dir/Core/Tasks/ThrottleTask.c.obj
                0x08001da8                InitThrottleTask
 .text.ADCGetThrottleRaw
                0x08001dc8       0x30 CMakeFiles/UOSM-SteeringWheel-L432.elf.dir/Core/UserDrivers/ADCDriver.c.obj
                0x08001dc8                ADCGetThrottleRaw
 .text.ADCConvertThrottle
                0x08001df8       0x28 CMakeFiles/UOSM-SteeringWheel-L432.elf.dir/Core/UserDrivers/ADCDriver.c.obj
                0x08001df8                ADCConvertThrottle
 .text.Seg_Display_Initialize
                0x08001e20        0x4 CMakeFiles/UOSM-SteeringWheel-L432.elf.dir/Core/UserDrivers/I2CDisplayDriver.c.obj
                0x08001e20                Seg_Display_Initialize
 .text.Seg_Display_Speed
                0x08001e24       0x5c CMakeFiles/UOSM-SteeringWheel-L432.elf.dir/Core/UserDrivers/I2CDisplayDriver.c.obj
                0x08001e24                Seg_Display_Speed
 .text.Seg_Display_Bang
                0x08001e80       0x24 CMakeFiles/UOSM-SteeringWheel-L432.elf.dir/Core/UserDrivers/I2CDisplayDriver.c.obj
                0x08001e80                Seg_Display_Bang
 .text.Seg_Display_LowVoltageError
                0x08001ea4       0x24 CMakeFiles/UOSM-SteeringWheel-L432.elf.dir/Core/UserDrivers/I2CDisplayDriver.c.obj
                0x08001ea4                Seg_Display_LowVoltageError
 .text.Seg_Display_Int
                0x08001ec8       0xb8 CMakeFiles/UOSM-SteeringWheel-L432.elf.dir/Core/UserDrivers/I2CDisplayDriver.c.obj
                0x08001ec8                Seg_Display_Int
 .text.Seg_Display_Voltage
                0x08001f80       0x68 CMakeFiles/UOSM-SteeringWheel-L432.elf.dir/Core/UserDrivers/I2CDisplayDriver.c.obj
                0x08001f80                Seg_Display_Voltage
 .text.MAX6955_Init
                0x08001fe8       0xa4 CMakeFiles/UOSM-SteeringWheel-L432.elf.dir/Core/UserDrivers/MAX6955.c.obj
                0x08001fe8                MAX6955_Init
 .text.MAX6955_DisplayDigits
                0x0800208c       0x4c CMakeFiles/UOSM-SteeringWheel-L432.elf.dir/Core/UserDrivers/MAX6955.c.obj
                0x0800208c                MAX6955_DisplayDigits
 .text.HAL_Init
                0x080020d8       0x20 CMakeFiles/UOSM-SteeringWheel-L432.elf.dir/Drivers/STM32L4xx_HAL_Driver/Src/stm32l4xx_hal.c.obj
                0x080020d8                HAL_Init
 .text.HAL_IncTick
                0x080020f8       0x18 CMakeFiles/UOSM-SteeringWheel-L432.elf.dir/Drivers/STM32L4xx_HAL_Driver/Src/stm32l4xx_hal.c.obj
                0x080020f8                HAL_IncTick
 .text.HAL_GetTick
                0x08002110        0xc CMakeFiles/UOSM-SteeringWheel-L432.elf.dir/Drivers/STM32L4xx_HAL_Driver/Src/stm32l4xx_hal.c.obj
                0x08002110                HAL_GetTick
 .text.HAL_ADC_Init
                0x0800211c      0x1b0 CMakeFiles/UOSM-SteeringWheel-L432.elf.dir/Drivers/STM32L4xx_HAL_Driver/Src/stm32l4xx_hal_adc.c.obj
                0x0800211c                HAL_ADC_Init
 .text.HAL_ADC_PollForConversion
                0x080022cc       0xb0 CMakeFiles/UOSM-SteeringWheel-L432.elf.dir/Drivers/STM32L4xx_HAL_Driver/Src/stm32l4xx_hal_adc.c.obj
                0x080022cc                HAL_ADC_PollForConversion
 .text.HAL_ADC_GetValue
                0x0800237c        0x8 CMakeFiles/UOSM-SteeringWheel-L432.elf.dir/Drivers/STM32L4xx_HAL_Driver/Src/stm32l4xx_hal_adc.c.obj
                0x0800237c                HAL_ADC_GetValue
 .text.HAL_ADC_ConfigChannel
                0x08002384      0x49c CMakeFiles/UOSM-SteeringWheel-L432.elf.dir/Drivers/STM32L4xx_HAL_Driver/Src/stm32l4xx_hal_adc.c.obj
                0x08002384                HAL_ADC_ConfigChannel
 .text.ADC_Enable
                0x08002820       0xc8 CMakeFiles/UOSM-SteeringWheel-L432.elf.dir/Drivers/STM32L4xx_HAL_Driver/Src/stm32l4xx_hal_adc.c.obj
                0x08002820                ADC_Enable
 .text.HAL_ADC_Start
                0x080028e8       0x80 CMakeFiles/UOSM-SteeringWheel-L432.elf.dir/Drivers/STM32L4xx_HAL_Driver/Src/stm32l4xx_hal_adc.c.obj
                0x080028e8                HAL_ADC_Start
 .text.HAL_NVIC_SetPriorityGrouping
                0x08002968       0x24 CMakeFiles/UOSM-SteeringWheel-L432.elf.dir/Drivers/STM32L4xx_HAL_Driver/Src/stm32l4xx_hal_cortex.c.obj
                0x08002968                HAL_NVIC_SetPriorityGrouping
 .text.HAL_NVIC_SetPriority
                0x0800298c       0x78 CMakeFiles/UOSM-SteeringWheel-L432.elf.dir/Drivers/STM32L4xx_HAL_Driver/Src/stm32l4xx_hal_cortex.c.obj
                0x0800298c                HAL_NVIC_SetPriority
 .text.HAL_NVIC_EnableIRQ
                0x08002a04       0x1c CMakeFiles/UOSM-SteeringWheel-L432.elf.dir/Drivers/STM32L4xx_HAL_Driver/Src/stm32l4xx_hal_cortex.c.obj
                0x08002a04                HAL_NVIC_EnableIRQ
 .text.HAL_GPIO_Init
                0x08002a20      0x1bc CMakeFiles/UOSM-SteeringWheel-L432.elf.dir/Drivers/STM32L4xx_HAL_Driver/Src/stm32l4xx_hal_gpio.c.obj
                0x08002a20                HAL_GPIO_Init
 .text.HAL_GPIO_ReadPin
                0x08002bdc        0xc CMakeFiles/UOSM-SteeringWheel-L432.elf.dir/Drivers/STM32L4xx_HAL_Driver/Src/stm32l4xx_hal_gpio.c.obj
                0x08002bdc                HAL_GPIO_ReadPin
 .text.HAL_GPIO_WritePin
                0x08002be8        0xc CMakeFiles/UOSM-SteeringWheel-L432.elf.dir/Drivers/STM32L4xx_HAL_Driver/Src/stm32l4xx_hal_gpio.c.obj
                0x08002be8                HAL_GPIO_WritePin
 .text.HAL_GPIO_EXTI_IRQHandler
                0x08002bf4       0x18 CMakeFiles/UOSM-SteeringWheel-L432.elf.dir/Drivers/STM32L4xx_HAL_Driver/Src/stm32l4xx_hal_gpio.c.obj
                0x08002bf4                HAL_GPIO_EXTI_IRQHandler
 .text.I2C_WaitOnTXISFlagUntilTimeout
                0x08002c0c      0x1a0 CMakeFiles/UOSM-SteeringWheel-L432.elf.dir/Drivers/STM32L4xx_HAL_Driver/Src/stm32l4xx_hal_i2c.c.obj
 .text.I2C_WaitOnSTOPFlagUntilTimeout
                0x08002dac      0x19c CMakeFiles/UOSM-SteeringWheel-L432.elf.dir/Drivers/STM32L4xx_HAL_Driver/Src/stm32l4xx_hal_i2c.c.obj
 .text.HAL_I2C_Init
                0x08002f48       0xa8 CMakeFiles/UOSM-SteeringWheel-L432.elf.dir/Drivers/STM32L4xx_HAL_Driver/Src/stm32l4xx_hal_i2c.c.obj
                0x08002f48                HAL_I2C_Init
 .text.HAL_I2C_Master_Transmit
                0x08002ff0      0x32c CMakeFiles/UOSM-SteeringWheel-L432.elf.dir/Drivers/STM32L4xx_HAL_Driver/Src/stm32l4xx_hal_i2c.c.obj
                0x08002ff0                HAL_I2C_Master_Transmit
 .text.HAL_I2C_Mem_Read
                0x0800331c      0x254 CMakeFiles/UOSM-SteeringWheel-L432.elf.dir/Drivers/STM32L4xx_HAL_Driver/Src/stm32l4xx_hal_i2c.c.obj
                0x0800331c                HAL_I2C_Mem_Read
 .text.HAL_I2CEx_ConfigAnalogFilter
                0x08003570       0x54 CMakeFiles/UOSM-SteeringWheel-L432.elf.dir/Drivers/STM32L4xx_HAL_Driver/Src/stm32l4xx_hal_i2c_ex.c.obj
                0x08003570                HAL_I2CEx_ConfigAnalogFilter
 .text.HAL_I2CEx_ConfigDigitalFilter
                0x080035c4       0x58 CMakeFiles/UOSM-SteeringWheel-L432.elf.dir/Drivers/STM32L4xx_HAL_Driver/Src/stm32l4xx_hal_i2c_ex.c.obj
                0x080035c4                HAL_I2CEx_ConfigDigitalFilter
 .text.HAL_PWREx_GetVoltageRange
                0x0800361c       0x10 CMakeFiles/UOSM-SteeringWheel-L432.elf.dir/Drivers/STM32L4xx_HAL_Driver/Src/stm32l4xx_hal_pwr_ex.c.obj
                0x0800361c                HAL_PWREx_GetVoltageRange
 .text.HAL_PWREx_ControlVoltageScaling
                0x0800362c       0x80 CMakeFiles/UOSM-SteeringWheel-L432.elf.dir/Drivers/STM32L4xx_HAL_Driver/Src/stm32l4xx_hal_pwr_ex.c.obj
                0x0800362c                HAL_PWREx_ControlVoltageScaling
 .text.RCC_SetFlashLatencyFromMSIRange
                0x080036ac       0x8c CMakeFiles/UOSM-SteeringWheel-L432.elf.dir/Drivers/STM32L4xx_HAL_Driver/Src/stm32l4xx_hal_rcc.c.obj
 .text.HAL_RCC_GetSysClockFreq
                0x08003738       0xb4 CMakeFiles/UOSM-SteeringWheel-L432.elf.dir/Drivers/STM32L4xx_HAL_Driver/Src/stm32l4xx_hal_rcc.c.obj
                0x08003738                HAL_RCC_GetSysClockFreq
 .text.HAL_RCC_OscConfig
                0x080037ec      0x614 CMakeFiles/UOSM-SteeringWheel-L432.elf.dir/Drivers/STM32L4xx_HAL_Driver/Src/stm32l4xx_hal_rcc.c.obj
                0x080037ec                HAL_RCC_OscConfig
 .text.HAL_RCC_ClockConfig
                0x08003e00      0x16c CMakeFiles/UOSM-SteeringWheel-L432.elf.dir/Drivers/STM32L4xx_HAL_Driver/Src/stm32l4xx_hal_rcc.c.obj
                0x08003e00                HAL_RCC_ClockConfig
 .text.HAL_RCC_GetPCLK1Freq
                0x08003f6c       0x24 CMakeFiles/UOSM-SteeringWheel-L432.elf.dir/Drivers/STM32L4xx_HAL_Driver/Src/stm32l4xx_hal_rcc.c.obj
                0x08003f6c                HAL_RCC_GetPCLK1Freq
 .text.HAL_RCC_GetPCLK2Freq
                0x08003f90       0x24 CMakeFiles/UOSM-SteeringWheel-L432.elf.dir/Drivers/STM32L4xx_HAL_Driver/Src/stm32l4xx_hal_rcc.c.obj
                0x08003f90                HAL_RCC_GetPCLK2Freq
 .text.HAL_RCC_GetClockConfig
                0x08003fb4       0x44 CMakeFiles/UOSM-SteeringWheel-L432.elf.dir/Drivers/STM32L4xx_HAL_Driver/Src/stm32l4xx_hal_rcc.c.obj
                0x08003fb4                HAL_RCC_GetClockConfig
 .text.RCCEx_PLLSAI1_Config
                0x08003ff8      0x11c CMakeFiles/UOSM-SteeringWheel-L432.elf.dir/Drivers/STM32L4xx_HAL_Driver/Src/stm32l4xx_hal_rcc_ex.c.obj
 .text.HAL_RCCEx_PeriphCLKConfig
                0x08004114      0x2a0 CMakeFiles/UOSM-SteeringWheel-L432.elf.dir/Drivers/STM32L4xx_HAL_Driver/Src/stm32l4xx_hal_rcc_ex.c.obj
                0x08004114                HAL_RCCEx_PeriphCLKConfig
 .text.SPI_WaitFifoStateUntilTimeout.constprop.0
                0x080043b4       0xec CMakeFiles/UOSM-SteeringWheel-L432.elf.dir/Drivers/STM32L4xx_HAL_Driver/Src/stm32l4xx_hal_spi.c.obj
 .text.SPI_EndRxTxTransaction
                0x080044a0      0x144 CMakeFiles/UOSM-SteeringWheel-L432.elf.dir/Drivers/STM32L4xx_HAL_Driver/Src/stm32l4xx_hal_spi.c.obj
 .text.HAL_SPI_Init
                0x080045e4       0xf8 CMakeFiles/UOSM-SteeringWheel-L432.elf.dir/Drivers/STM32L4xx_HAL_Driver/Src/stm32l4xx_hal_spi.c.obj
                0x080045e4                HAL_SPI_Init
 .text.HAL_SPI_Transmit
                0x080046dc      0x248 CMakeFiles/UOSM-SteeringWheel-L432.elf.dir/Drivers/STM32L4xx_HAL_Driver/Src/stm32l4xx_hal_spi.c.obj
                0x080046dc                HAL_SPI_Transmit
 .text.HAL_SPI_TransmitReceive
                0x08004924      0x304 CMakeFiles/UOSM-SteeringWheel-L432.elf.dir/Drivers/STM32L4xx_HAL_Driver/Src/stm32l4xx_hal_spi.c.obj
                0x08004924                HAL_SPI_TransmitReceive
 .text.HAL_SPI_Receive
                0x08004c28      0x310 CMakeFiles/UOSM-SteeringWheel-L432.elf.dir/Drivers/STM32L4xx_HAL_Driver/Src/stm32l4xx_hal_spi.c.obj
                0x08004c28                HAL_SPI_Receive
 .text.HAL_SPI_GetState
                0x08004f38        0x8 CMakeFiles/UOSM-SteeringWheel-L432.elf.dir/Drivers/STM32L4xx_HAL_Driver/Src/stm32l4xx_hal_spi.c.obj
                0x08004f38                HAL_SPI_GetState
 .text.HAL_TIM_Base_MspInit
                0x08004f40        0x4 CMakeFiles/UOSM-SteeringWheel-L432.elf.dir/Drivers/STM32L4xx_HAL_Driver/Src/stm32l4xx_hal_tim.c.obj
                0x08004f40                HAL_TIM_Base_MspInit
 .text.HAL_TIM_Base_Init
                0x08004f44       0xe4 CMakeFiles/UOSM-SteeringWheel-L432.elf.dir/Drivers/STM32L4xx_HAL_Driver/Src/stm32l4xx_hal_tim.c.obj
                0x08004f44                HAL_TIM_Base_Init
 .text.HAL_TIM_Base_Start_IT
                0x08005028       0x58 CMakeFiles/UOSM-SteeringWheel-L432.elf.dir/Drivers/STM32L4xx_HAL_Driver/Src/stm32l4xx_hal_tim.c.obj
                0x08005028                HAL_TIM_Base_Start_IT
 .text.HAL_TIM_OC_DelayElapsedCallback
                0x08005080        0x4 CMakeFiles/UOSM-SteeringWheel-L432.elf.dir/Drivers/STM32L4xx_HAL_Driver/Src/stm32l4xx_hal_tim.c.obj
                0x08005080                HAL_TIM_OC_DelayElapsedCallback
 .text.HAL_TIM_IC_CaptureCallback
                0x08005084        0x4 CMakeFiles/UOSM-SteeringWheel-L432.elf.dir/Drivers/STM32L4xx_HAL_Driver/Src/stm32l4xx_hal_tim.c.obj
                0x08005084                HAL_TIM_IC_CaptureCallback
 .text.HAL_TIM_PWM_PulseFinishedCallback
                0x08005088        0x4 CMakeFiles/UOSM-SteeringWheel-L432.elf.dir/Drivers/STM32L4xx_HAL_Driver/Src/stm32l4xx_hal_tim.c.obj
                0x08005088                HAL_TIM_PWM_PulseFinishedCallback
 .text.HAL_TIM_TriggerCallback
                0x0800508c        0x4 CMakeFiles/UOSM-SteeringWheel-L432.elf.dir/Drivers/STM32L4xx_HAL_Driver/Src/stm32l4xx_hal_tim.c.obj
                0x0800508c                HAL_TIM_TriggerCallback
 .text.HAL_TIM_IRQHandler
                0x08005090      0x170 CMakeFiles/UOSM-SteeringWheel-L432.elf.dir/Drivers/STM32L4xx_HAL_Driver/Src/stm32l4xx_hal_tim.c.obj
                0x08005090                HAL_TIM_IRQHandler
 .text.HAL_TIMEx_CommutCallback
                0x08005200        0x4 CMakeFiles/UOSM-SteeringWheel-L432.elf.dir/Drivers/STM32L4xx_HAL_Driver/Src/stm32l4xx_hal_tim_ex.c.obj
                0x08005200                HAL_TIMEx_CommutCallback
 .text.HAL_TIMEx_BreakCallback
                0x08005204        0x4 CMakeFiles/UOSM-SteeringWheel-L432.elf.dir/Drivers/STM32L4xx_HAL_Driver/Src/stm32l4xx_hal_tim_ex.c.obj
                0x08005204                HAL_TIMEx_BreakCallback
 .text.HAL_TIMEx_Break2Callback
                0x08005208        0x4 CMakeFiles/UOSM-SteeringWheel-L432.elf.dir/Drivers/STM32L4xx_HAL_Driver/Src/stm32l4xx_hal_tim_ex.c.obj
                0x08005208                HAL_TIMEx_Break2Callback
 .text.UART_SetConfig
                0x0800520c      0x1c4 CMakeFiles/UOSM-SteeringWheel-L432.elf.dir/Drivers/STM32L4xx_HAL_Driver/Src/stm32l4xx_hal_uart.c.obj
                0x0800520c                UART_SetConfig
 .text.UART_AdvFeatureConfig
                0x080053d0       0xb0 CMakeFiles/UOSM-SteeringWheel-L432.elf.dir/Drivers/STM32L4xx_HAL_Driver/Src/stm32l4xx_hal_uart.c.obj
                0x080053d0                UART_AdvFeatureConfig
 .text.UART_WaitOnFlagUntilTimeout
                0x08005480       0xe4 CMakeFiles/UOSM-SteeringWheel-L432.elf.dir/Drivers/STM32L4xx_HAL_Driver/Src/stm32l4xx_hal_uart.c.obj
                0x08005480                UART_WaitOnFlagUntilTimeout
 .text.HAL_UART_Transmit
                0x08005564      0x178 CMakeFiles/UOSM-SteeringWheel-L432.elf.dir/Drivers/STM32L4xx_HAL_Driver/Src/stm32l4xx_hal_uart.c.obj
                0x08005564                HAL_UART_Transmit
 .text.HAL_UART_Init
                0x080056dc       0xd0 CMakeFiles/UOSM-SteeringWheel-L432.elf.dir/Drivers/STM32L4xx_HAL_Driver/Src/stm32l4xx_hal_uart.c.obj
                0x080056dc                HAL_UART_Init
 .text.SysTick_Handler
                0x080057ac       0x1c CMakeFiles/UOSM-SteeringWheel-L432.elf.dir/Middlewares/Third_Party/FreeRTOS/Source/CMSIS_RTOS_V2/cmsis_os2.c.obj
                0x080057ac                SysTick_Handler
 .text.osKernelInitialize
                0x080057c8       0x24 CMakeFiles/UOSM-SteeringWheel-L432.elf.dir/Middlewares/Third_Party/FreeRTOS/Source/CMSIS_RTOS_V2/cmsis_os2.c.obj
                0x080057c8                osKernelInitialize
 .text.osKernelStart
                0x080057ec       0x34 CMakeFiles/UOSM-SteeringWheel-L432.elf.dir/Middlewares/Third_Party/FreeRTOS/Source/CMSIS_RTOS_V2/cmsis_os2.c.obj
                0x080057ec                osKernelStart
 .text.osKernelGetTickCount
                0x08005820       0x10 CMakeFiles/UOSM-SteeringWheel-L432.elf.dir/Middlewares/Third_Party/FreeRTOS/Source/CMSIS_RTOS_V2/cmsis_os2.c.obj
                0x08005820                osKernelGetTickCount
 .text.osThreadNew
                0x08005830       0x90 CMakeFiles/UOSM-SteeringWheel-L432.elf.dir/Middlewares/Third_Party/FreeRTOS/Source/CMSIS_RTOS_V2/cmsis_os2.c.obj
                0x08005830                osThreadNew
 .text.osDelay  0x080058c0       0x1c CMakeFiles/UOSM-SteeringWheel-L432.elf.dir/Middlewares/Third_Party/FreeRTOS/Source/CMSIS_RTOS_V2/cmsis_os2.c.obj
                0x080058c0                osDelay
 .text.osDelayUntil
                0x080058dc       0x30 CMakeFiles/UOSM-SteeringWheel-L432.elf.dir/Middlewares/Third_Party/FreeRTOS/Source/CMSIS_RTOS_V2/cmsis_os2.c.obj
                0x080058dc                osDelayUntil
 .text.vApplicationGetIdleTaskMemory
                0x0800590c       0x1c CMakeFiles/UOSM-SteeringWheel-L432.elf.dir/Middlewares/Third_Party/FreeRTOS/Source/CMSIS_RTOS_V2/cmsis_os2.c.obj
                0x0800590c                vApplicationGetIdleTaskMemory
 .text.vApplicationGetTimerTaskMemory
                0x08005928       0x20 CMakeFiles/UOSM-SteeringWheel-L432.elf.dir/Middlewares/Third_Party/FreeRTOS/Source/CMSIS_RTOS_V2/cmsis_os2.c.obj
                0x08005928                vApplicationGetTimerTaskMemory
 .text.vListInitialise
                0x08005948       0x18 CMakeFiles/UOSM-SteeringWheel-L432.elf.dir/Middlewares/Third_Party/FreeRTOS/Source/list.c.obj
                0x08005948                vListInitialise
 .text.vListInitialiseItem
                0x08005960        0x8 CMakeFiles/UOSM-SteeringWheel-L432.elf.dir/Middlewares/Third_Party/FreeRTOS/Source/list.c.obj
                0x08005960                vListInitialiseItem
 .text.vListInsertEnd
                0x08005968       0x1c CMakeFiles/UOSM-SteeringWheel-L432.elf.dir/Middlewares/Third_Party/FreeRTOS/Source/list.c.obj
                0x08005968                vListInsertEnd
 .text.vListInsert
                0x08005984       0x30 CMakeFiles/UOSM-SteeringWheel-L432.elf.dir/Middlewares/Third_Party/FreeRTOS/Source/list.c.obj
                0x08005984                vListInsert
 .text.uxListRemove
                0x080059b4       0x28 CMakeFiles/UOSM-SteeringWheel-L432.elf.dir/Middlewares/Third_Party/FreeRTOS/Source/list.c.obj
                0x080059b4                uxListRemove
 .text.prvPortStartFirstTask
                0x080059dc       0x28 CMakeFiles/UOSM-SteeringWheel-L432.elf.dir/Middlewares/Third_Party/FreeRTOS/Source/portable/GCC/ARM_CM4F/port.c.obj
 .text.vPortEnableVFP
                0x08005a04       0x14 CMakeFiles/UOSM-SteeringWheel-L432.elf.dir/Middlewares/Third_Party/FreeRTOS/Source/portable/GCC/ARM_CM4F/port.c.obj
 .text.prvTaskExitError
                0x08005a18       0x40 CMakeFiles/UOSM-SteeringWheel-L432.elf.dir/Middlewares/Third_Party/FreeRTOS/Source/portable/GCC/ARM_CM4F/port.c.obj
 .text.pxPortInitialiseStack
                0x08005a58       0x28 CMakeFiles/UOSM-SteeringWheel-L432.elf.dir/Middlewares/Third_Party/FreeRTOS/Source/portable/GCC/ARM_CM4F/port.c.obj
                0x08005a58                pxPortInitialiseStack
 .text.SVC_Handler
                0x08005a80       0x24 CMakeFiles/UOSM-SteeringWheel-L432.elf.dir/Middlewares/Third_Party/FreeRTOS/Source/portable/GCC/ARM_CM4F/port.c.obj
                0x08005a80                SVC_Handler
 .text.vPortEnterCritical
                0x08005aa4       0x44 CMakeFiles/UOSM-SteeringWheel-L432.elf.dir/Middlewares/Third_Party/FreeRTOS/Source/portable/GCC/ARM_CM4F/port.c.obj
                0x08005aa4                vPortEnterCritical
 .text.vPortExitCritical
                0x08005ae8       0x28 CMakeFiles/UOSM-SteeringWheel-L432.elf.dir/Middlewares/Third_Party/FreeRTOS/Source/portable/GCC/ARM_CM4F/port.c.obj
                0x08005ae8                vPortExitCritical
 .text.PendSV_Handler
                0x08005b10       0x64 CMakeFiles/UOSM-SteeringWheel-L432.elf.dir/Middlewares/Third_Party/FreeRTOS/Source/portable/GCC/ARM_CM4F/port.c.obj
                0x08005b10                PendSV_Handler
 .text.xPortSysTickHandler
                0x08005b74       0x2c CMakeFiles/UOSM-SteeringWheel-L432.elf.dir/Middlewares/Third_Party/FreeRTOS/Source/portable/GCC/ARM_CM4F/port.c.obj
                0x08005b74                xPortSysTickHandler
 .text.vPortSetupTimerInterrupt
                0x08005ba0       0x28 CMakeFiles/UOSM-SteeringWheel-L432.elf.dir/Middlewares/Third_Party/FreeRTOS/Source/portable/GCC/ARM_CM4F/port.c.obj
                0x08005ba0                vPortSetupTimerInterrupt
 .text.xPortStartScheduler
                0x08005bc8      0x140 CMakeFiles/UOSM-SteeringWheel-L432.elf.dir/Middlewares/Third_Party/FreeRTOS/Source/portable/GCC/ARM_CM4F/port.c.obj
                0x08005bc8                xPortStartScheduler
 .text.vPortValidateInterruptPriority
                0x08005d08       0x5c CMakeFiles/UOSM-SteeringWheel-L432.elf.dir/Middlewares/Third_Party/FreeRTOS/Source/portable/GCC/ARM_CM4F/port.c.obj
                0x08005d08                vPortValidateInterruptPriority
 .text.pvPortMalloc
                0x08005d64      0x170 CMakeFiles/UOSM-SteeringWheel-L432.elf.dir/Middlewares/Third_Party/FreeRTOS/Source/portable/MemMang/heap_4.c.obj
                0x08005d64                pvPortMalloc
 .text.vPortFree
                0x08005ed4       0xc8 CMakeFiles/UOSM-SteeringWheel-L432.elf.dir/Middlewares/Third_Party/FreeRTOS/Source/portable/MemMang/heap_4.c.obj
                0x08005ed4                vPortFree
 .text.prvCopyDataToQueue
                0x08005f9c       0x74 CMakeFiles/UOSM-SteeringWheel-L432.elf.dir/Middlewares/Third_Party/FreeRTOS/Source/queue.c.obj
 .text.xQueueGenericCreateStatic
                0x08006010       0xe0 CMakeFiles/UOSM-SteeringWheel-L432.elf.dir/Middlewares/Third_Party/FreeRTOS/Source/queue.c.obj
                0x08006010                xQueueGenericCreateStatic
 .text.xQueueGenericSend
                0x080060f0      0x300 CMakeFiles/UOSM-SteeringWheel-L432.elf.dir/Middlewares/Third_Party/FreeRTOS/Source/queue.c.obj
                0x080060f0                xQueueGenericSend
 .text.xQueueReceive
                0x080063f0      0x30c CMakeFiles/UOSM-SteeringWheel-L432.elf.dir/Middlewares/Third_Party/FreeRTOS/Source/queue.c.obj
                0x080063f0                xQueueReceive
 .text.vQueueAddToRegistry
                0x080066fc       0x50 CMakeFiles/UOSM-SteeringWheel-L432.elf.dir/Middlewares/Third_Party/FreeRTOS/Source/queue.c.obj
                0x080066fc                vQueueAddToRegistry
 .text.vQueueWaitForMessageRestricted
                0x0800674c       0xc8 CMakeFiles/UOSM-SteeringWheel-L432.elf.dir/Middlewares/Third_Party/FreeRTOS/Source/queue.c.obj
                0x0800674c                vQueueWaitForMessageRestricted
 .text.prvAddNewTaskToReadyList
                0x08006814      0x110 CMakeFiles/UOSM-SteeringWheel-L432.elf.dir/Middlewares/Third_Party/FreeRTOS/Source/tasks.c.obj
 .text.prvInitialiseNewTask.constprop.0
                0x08006924      0x148 CMakeFiles/UOSM-SteeringWheel-L432.elf.dir/Middlewares/Third_Party/FreeRTOS/Source/tasks.c.obj
 .text.prvIdleTask
                0x08006a6c       0xa0 CMakeFiles/UOSM-SteeringWheel-L432.elf.dir/Middlewares/Third_Party/FreeRTOS/Source/tasks.c.obj
 .text.xTaskIncrementTick.part.0
                0x08006b0c      0x144 CMakeFiles/UOSM-SteeringWheel-L432.elf.dir/Middlewares/Third_Party/FreeRTOS/Source/tasks.c.obj
 .text.xTaskResumeAll.part.0
                0x08006c50      0x13c CMakeFiles/UOSM-SteeringWheel-L432.elf.dir/Middlewares/Third_Party/FreeRTOS/Source/tasks.c.obj
 .text.xTaskCreateStatic
                0x08006d8c       0x78 CMakeFiles/UOSM-SteeringWheel-L432.elf.dir/Middlewares/Third_Party/FreeRTOS/Source/tasks.c.obj
                0x08006d8c                xTaskCreateStatic
 .text.xTaskCreate
                0x08006e04       0x60 CMakeFiles/UOSM-SteeringWheel-L432.elf.dir/Middlewares/Third_Party/FreeRTOS/Source/tasks.c.obj
                0x08006e04                xTaskCreate
 .text.vTaskDelayUntil
                0x08006e64       0xf0 CMakeFiles/UOSM-SteeringWheel-L432.elf.dir/Middlewares/Third_Party/FreeRTOS/Source/tasks.c.obj
                0x08006e64                vTaskDelayUntil
 .text.vTaskDelay
                0x08006f54       0xac CMakeFiles/UOSM-SteeringWheel-L432.elf.dir/Middlewares/Third_Party/FreeRTOS/Source/tasks.c.obj
                0x08006f54                vTaskDelay
 .text.vTaskStartScheduler
                0x08007000       0xfc CMakeFiles/UOSM-SteeringWheel-L432.elf.dir/Middlewares/Third_Party/FreeRTOS/Source/tasks.c.obj
                0x08007000                vTaskStartScheduler
 .text.vTaskSuspendAll
                0x080070fc       0x10 CMakeFiles/UOSM-SteeringWheel-L432.elf.dir/Middlewares/Third_Party/FreeRTOS/Source/tasks.c.obj
                0x080070fc                vTaskSuspendAll
 .text.xTaskResumeAll
                0x0800710c       0x20 CMakeFiles/UOSM-SteeringWheel-L432.elf.dir/Middlewares/Third_Party/FreeRTOS/Source/tasks.c.obj
                0x0800710c                xTaskResumeAll
 .text.xTaskGetTickCount
                0x0800712c        0xc CMakeFiles/UOSM-SteeringWheel-L432.elf.dir/Middlewares/Third_Party/FreeRTOS/Source/tasks.c.obj
                0x0800712c                xTaskGetTickCount
 .text.xTaskGetTickCountFromISR
                0x08007138       0x10 CMakeFiles/UOSM-SteeringWheel-L432.elf.dir/Middlewares/Third_Party/FreeRTOS/Source/tasks.c.obj
                0x08007138                xTaskGetTickCountFromISR
 .text.xTaskIncrementTick
                0x08007148       0x20 CMakeFiles/UOSM-SteeringWheel-L432.elf.dir/Middlewares/Third_Party/FreeRTOS/Source/tasks.c.obj
                0x08007148                xTaskIncrementTick
 .text.vTaskSwitchContext
                0x08007168       0x98 CMakeFiles/UOSM-SteeringWheel-L432.elf.dir/Middlewares/Third_Party/FreeRTOS/Source/tasks.c.obj
                0x08007168                vTaskSwitchContext
 .text.vTaskPlaceOnEventList
                0x08007200       0x88 CMakeFiles/UOSM-SteeringWheel-L432.elf.dir/Middlewares/Third_Party/FreeRTOS/Source/tasks.c.obj
                0x08007200                vTaskPlaceOnEventList
 .text.vTaskPlaceOnEventListRestricted
                0x08007288       0x94 CMakeFiles/UOSM-SteeringWheel-L432.elf.dir/Middlewares/Third_Party/FreeRTOS/Source/tasks.c.obj
                0x08007288                vTaskPlaceOnEventListRestricted
 .text.xTaskRemoveFromEventList
                0x0800731c       0x88 CMakeFiles/UOSM-SteeringWheel-L432.elf.dir/Middlewares/Third_Party/FreeRTOS/Source/tasks.c.obj
                0x0800731c                xTaskRemoveFromEventList
 .text.vTaskInternalSetTimeOutState
                0x080073a4       0x18 CMakeFiles/UOSM-SteeringWheel-L432.elf.dir/Middlewares/Third_Party/FreeRTOS/Source/tasks.c.obj
                0x080073a4                vTaskInternalSetTimeOutState
 .text.xTaskCheckForTimeOut
                0x080073bc       0x84 CMakeFiles/UOSM-SteeringWheel-L432.elf.dir/Middlewares/Third_Party/FreeRTOS/Source/tasks.c.obj
                0x080073bc                xTaskCheckForTimeOut
 .text.vTaskMissedYield
                0x08007440        0xc CMakeFiles/UOSM-SteeringWheel-L432.elf.dir/Middlewares/Third_Party/FreeRTOS/Source/tasks.c.obj
                0x08007440                vTaskMissedYield
 .text.xTaskGetSchedulerState
                0x0800744c       0x20 CMakeFiles/UOSM-SteeringWheel-L432.elf.dir/Middlewares/Third_Party/FreeRTOS/Source/tasks.c.obj
                0x0800744c                xTaskGetSchedulerState
 .text.xTaskPriorityDisinherit
                0x0800746c       0x88 CMakeFiles/UOSM-SteeringWheel-L432.elf.dir/Middlewares/Third_Party/FreeRTOS/Source/tasks.c.obj
                0x0800746c                xTaskPriorityDisinherit
 .text.prvSwitchTimerLists
                0x080074f4       0x98 CMakeFiles/UOSM-SteeringWheel-L432.elf.dir/Middlewares/Third_Party/FreeRTOS/Source/timers.c.obj
 .text.prvTimerTask
                0x0800758c      0x288 CMakeFiles/UOSM-SteeringWheel-L432.elf.dir/Middlewares/Third_Party/FreeRTOS/Source/timers.c.obj
 .text.xTimerCreateTimerTask
                0x08007814       0xbc CMakeFiles/UOSM-SteeringWheel-L432.elf.dir/Middlewares/Third_Party/FreeRTOS/Source/timers.c.obj
                0x08007814                xTimerCreateTimerTask
 .text.CANSPI_Initialize
                0x080078d0       0xb8 CMakeFiles/UOSM-SteeringWheel-L432.elf.dir/UOSM-Core/Drivers/CANDriver.c.obj
                0x080078d0                CANSPI_Initialize
 .text.CANSPI_Transmit
                0x08007988      0x1f8 CMakeFiles/UOSM-SteeringWheel-L432.elf.dir/UOSM-Core/Drivers/CANDriver.c.obj
                0x08007988                CANSPI_Transmit
 .text.CANSPI_Receive
                0x08007b80       0xa0 CMakeFiles/UOSM-SteeringWheel-L432.elf.dir/UOSM-Core/Drivers/CANDriver.c.obj
                0x08007b80                CANSPI_Receive
 .text.CANSPI_messagesInBuffer
                0x08007c20       0x1c CMakeFiles/UOSM-SteeringWheel-L432.elf.dir/UOSM-Core/Drivers/CANDriver.c.obj
                0x08007c20                CANSPI_messagesInBuffer
 .text.readMsg  0x08007c3c       0xa8 CMakeFiles/UOSM-SteeringWheel-L432.elf.dir/UOSM-Core/Drivers/CANDriver.c.obj
                0x08007c3c                readMsg
 .text.MCP2515_Initialize
                0x08007ce4       0x54 CMakeFiles/UOSM-SteeringWheel-L432.elf.dir/UOSM-Core/Drivers/MCP2515.c.obj
                0x08007ce4                MCP2515_Initialize
 .text.MCP2515_SetConfigMode
                0x08007d38       0xd8 CMakeFiles/UOSM-SteeringWheel-L432.elf.dir/UOSM-Core/Drivers/MCP2515.c.obj
                0x08007d38                MCP2515_SetConfigMode
 .text.MCP2515_SetNormalMode
                0x08007e10       0xd4 CMakeFiles/UOSM-SteeringWheel-L432.elf.dir/UOSM-Core/Drivers/MCP2515.c.obj
                0x08007e10                MCP2515_SetNormalMode
 .text.MCP2515_ReadRxSequence
                0x08007ee4       0x54 CMakeFiles/UOSM-SteeringWheel-L432.elf.dir/UOSM-Core/Drivers/MCP2515.c.obj
                0x08007ee4                MCP2515_ReadRxSequence
 .text.MCP2515_WriteByte
                0x08007f38       0x68 CMakeFiles/UOSM-SteeringWheel-L432.elf.dir/UOSM-Core/Drivers/MCP2515.c.obj
                0x08007f38                MCP2515_WriteByte
 .text.MCP2515_WriteByteSequence
                0x08007fa0       0x6c CMakeFiles/UOSM-SteeringWheel-L432.elf.dir/UOSM-Core/Drivers/MCP2515.c.obj
                0x08007fa0                MCP2515_WriteByteSequence
 .text.MCP2515_LoadTxSequence
                0x0800800c       0x74 CMakeFiles/UOSM-SteeringWheel-L432.elf.dir/UOSM-Core/Drivers/MCP2515.c.obj
                0x0800800c                MCP2515_LoadTxSequence
 .text.MCP2515_RequestToSend
                0x08008080       0x3c CMakeFiles/UOSM-SteeringWheel-L432.elf.dir/UOSM-Core/Drivers/MCP2515.c.obj
                0x08008080                MCP2515_RequestToSend
 .text.MCP2515_ReadStatus
                0x080080bc       0x50 CMakeFiles/UOSM-SteeringWheel-L432.elf.dir/UOSM-Core/Drivers/MCP2515.c.obj
                0x080080bc                MCP2515_ReadStatus
 .text.MCP2515_GetRxStatus
                0x0800810c       0x50 CMakeFiles/UOSM-SteeringWheel-L432.elf.dir/UOSM-Core/Drivers/MCP2515.c.obj
                0x0800810c                MCP2515_GetRxStatus
 .text.SerialPrintln
                0x0800815c       0x44 CMakeFiles/UOSM-SteeringWheel-L432.elf.dir/UOSM-Core/Drivers/SerialDebugDriver.c.obj
                0x0800815c                SerialPrintln
 .text.CANMessageLookUpGetInfo
                0x080081a0       0x10 CMakeFiles/UOSM-SteeringWheel-L432.elf.dir/UOSM-Core/Modules/CANMessageLookUpModule.c.obj
                0x080081a0                CANMessageLookUpGetInfo
 .text.IComms_Init
                0x080081b0        0x4 CMakeFiles/UOSM-SteeringWheel-L432.elf.dir/UOSM-Core/Modules/InternalCommsModule.c.obj
                0x080081b0                IComms_Init
 .text.IComms_Transmit
                0x080081b4        0x4 CMakeFiles/UOSM-SteeringWheel-L432.elf.dir/UOSM-Core/Modules/InternalCommsModule.c.obj
                0x080081b4                IComms_Transmit
 .text.IComms_PeriodicReceive
                0x080081b8       0xb4 CMakeFiles/UOSM-SteeringWheel-L432.elf.dir/UOSM-Core/Modules/InternalCommsModule.c.obj
                0x080081b8                IComms_PeriodicReceive
 .text.IComms_CreatePercentageMessage
                0x0800826c       0x14 CMakeFiles/UOSM-SteeringWheel-L432.elf.dir/UOSM-Core/Modules/InternalCommsModule.c.obj
                0x0800826c                IComms_CreatePercentageMessage
 .text.IComms_CreateEventMessage
                0x08008280        0xc CMakeFiles/UOSM-SteeringWheel-L432.elf.dir/UOSM-Core/Modules/InternalCommsModule.c.obj
                0x08008280                IComms_CreateEventMessage
 .text.readMsgPairUInt16Bit
                0x0800828c       0x14 CMakeFiles/UOSM-SteeringWheel-L432.elf.dir/UOSM-Core/Modules/InternalCommsModule.c.obj
                0x0800828c                readMsgPairUInt16Bit
 .text.__udivmoddi4
                0x080082a0      0x2bc /Applications/ArmGNUToolchain/12.3.rel1/arm-none-eabi/bin/../lib/gcc/arm-none-eabi/12.3.1/thumb/v7e-m+fp/hard/libgcc.a(_udivmoddi4.o)
                0x080082a0                __udivmoddi4
 .text.stdio_exit_handler
                0x0800855c       0x18 /Applications/ArmGNUToolchain/12.3.rel1/arm-none-eabi/bin/../lib/gcc/arm-none-eabi/12.3.1/../../../../arm-none-eabi/lib/thumb/v7e-m+fp/hard/libc.a(libc_a-findfp.o)
 .text.cleanup_stdio
                0x08008574       0x40 /Applications/ArmGNUToolchain/12.3.rel1/arm-none-eabi/bin/../lib/gcc/arm-none-eabi/12.3.1/../../../../arm-none-eabi/lib/thumb/v7e-m+fp/hard/libc.a(libc_a-findfp.o)
 .text.global_stdio_init.part.0
                0x080085b4       0xf0 /Applications/ArmGNUToolchain/12.3.rel1/arm-none-eabi/bin/../lib/gcc/arm-none-eabi/12.3.1/../../../../arm-none-eabi/lib/thumb/v7e-m+fp/hard/libc.a(libc_a-findfp.o)
 .text.__sinit  0x080086a4       0x3c /Applications/ArmGNUToolchain/12.3.rel1/arm-none-eabi/bin/../lib/gcc/arm-none-eabi/12.3.1/../../../../arm-none-eabi/lib/thumb/v7e-m+fp/hard/libc.a(libc_a-findfp.o)
                0x080086a4                __sinit
 .text.__sfp_lock_acquire
                0x080086e0        0xc /Applications/ArmGNUToolchain/12.3.rel1/arm-none-eabi/bin/../lib/gcc/arm-none-eabi/12.3.1/../../../../arm-none-eabi/lib/thumb/v7e-m+fp/hard/libc.a(libc_a-findfp.o)
                0x080086e0                __sfp_lock_acquire
 .text.__sfp_lock_release
                0x080086ec        0xc /Applications/ArmGNUToolchain/12.3.rel1/arm-none-eabi/bin/../lib/gcc/arm-none-eabi/12.3.1/../../../../arm-none-eabi/lib/thumb/v7e-m+fp/hard/libc.a(libc_a-findfp.o)
                0x080086ec                __sfp_lock_release
 .text.vsprintf
                0x080086f8       0x38 /Applications/ArmGNUToolchain/12.3.rel1/arm-none-eabi/bin/../lib/gcc/arm-none-eabi/12.3.1/../../../../arm-none-eabi/lib/thumb/v7e-m+fp/hard/libc.a(libc_a-vsprintf.o)
                0x080086f8                vsprintf
 .text._fwalk_sglue
                0x08008730       0x48 /Applications/ArmGNUToolchain/12.3.rel1/arm-none-eabi/bin/../lib/gcc/arm-none-eabi/12.3.1/../../../../arm-none-eabi/lib/thumb/v7e-m+fp/hard/libc.a(libc_a-fwalk.o)
                0x08008730                _fwalk_sglue
 .text.memset   0x08008778       0xa4 /Applications/ArmGNUToolchain/12.3.rel1/arm-none-eabi/bin/../lib/gcc/arm-none-eabi/12.3.1/../../../../arm-none-eabi/lib/thumb/v7e-m+fp/hard/libc.a(libc_a-memset.o)
                0x08008778                memset
 .text._reclaim_reent
                0x0800881c       0x5c /Applications/ArmGNUToolchain/12.3.rel1/arm-none-eabi/bin/../lib/gcc/arm-none-eabi/12.3.1/../../../../arm-none-eabi/lib/thumb/v7e-m+fp/hard/libc.a(libc_a-reent.o)
                0x0800881c                _reclaim_reent
 .text.__errno  0x08008878        0xc /Applications/ArmGNUToolchain/12.3.rel1/arm-none-eabi/bin/../lib/gcc/arm-none-eabi/12.3.1/../../../../arm-none-eabi/lib/thumb/v7e-m+fp/hard/libc.a(libc_a-errno.o)
                0x08008878                __errno
 .text.__libc_init_array
                0x08008884       0x50 /Applications/ArmGNUToolchain/12.3.rel1/arm-none-eabi/bin/../lib/gcc/arm-none-eabi/12.3.1/../../../../arm-none-eabi/lib/thumb/v7e-m+fp/hard/libc.a(libc_a-init.o)
                0x08008884                __libc_init_array
 .text.__retarget_lock_init_recursive
                0x080088d4        0x4 /Applications/ArmGNUToolchain/12.3.rel1/arm-none-eabi/bin/../lib/gcc/arm-none-eabi/12.3.1/../../../../arm-none-eabi/lib/thumb/v7e-m+fp/hard/libc.a(libc_a-lock.o)
                0x080088d4                __retarget_lock_init_recursive
 .text.__retarget_lock_close_recursive
                0x080088d8        0x4 /Applications/ArmGNUToolchain/12.3.rel1/arm-none-eabi/bin/../lib/gcc/arm-none-eabi/12.3.1/../../../../arm-none-eabi/lib/thumb/v7e-m+fp/hard/libc.a(libc_a-lock.o)
                0x080088d8                __retarget_lock_close_recursive
 .text.__retarget_lock_acquire_recursive
                0x080088dc        0x4 /Applications/ArmGNUToolchain/12.3.rel1/arm-none-eabi/bin/../lib/gcc/arm-none-eabi/12.3.1/../../../../arm-none-eabi/lib/thumb/v7e-m+fp/hard/libc.a(libc_a-lock.o)
                0x080088dc                __retarget_lock_acquire_recursive
 .text.__retarget_lock_release_recursive
                0x080088e0        0x4 /Applications/ArmGNUToolchain/12.3.rel1/arm-none-eabi/bin/../lib/gcc/arm-none-eabi/12.3.1/../../../../arm-none-eabi/lib/thumb/v7e-m+fp/hard/libc.a(libc_a-lock.o)
                0x080088e0                __retarget_lock_release_recursive
 .text.startup.register_fini
                0x080088e4       0x14 /Applications/ArmGNUToolchain/12.3.rel1/arm-none-eabi/bin/../lib/gcc/arm-none-eabi/12.3.1/../../../../arm-none-eabi/lib/thumb/v7e-m+fp/hard/libc.a(libc_a-__call_atexit.o)
 .text.atexit   0x080088f8        0xc /Applications/ArmGNUToolchain/12.3.rel1/arm-none-eabi/bin/../lib/gcc/arm-none-eabi/12.3.1/../../../../arm-none-eabi/lib/thumb/v7e-m+fp/hard/libc.a(libc_a-atexit.o)
                0x080088f8                atexit
 .text._malloc_trim_r
                0x08008904       0xb8 /Applications/ArmGNUToolchain/12.3.rel1/arm-none-eabi/bin/../lib/gcc/arm-none-eabi/12.3.1/../../../../arm-none-eabi/lib/thumb/v7e-m+fp/hard/libc.a(libc_a-freer.o)
                0x08008904                _malloc_trim_r
 .text._free_r  0x080089bc      0x1fc /Applications/ArmGNUToolchain/12.3.rel1/arm-none-eabi/bin/../lib/gcc/arm-none-eabi/12.3.1/../../../../arm-none-eabi/lib/thumb/v7e-m+fp/hard/libc.a(libc_a-freer.o)
                0x080089bc                _free_r
 .text._malloc_r
                0x08008bb8      0x574 /Applications/ArmGNUToolchain/12.3.rel1/arm-none-eabi/bin/../lib/gcc/arm-none-eabi/12.3.1/../../../../arm-none-eabi/lib/thumb/v7e-m+fp/hard/libc.a(libc_a-mallocr.o)
                0x08008bb8                _malloc_r
 *fill*         0x0800912c        0x4 
 .text._svfprintf_r
                0x08009130     0x1bc0 /Applications/ArmGNUToolchain/12.3.rel1/arm-none-eabi/bin/../lib/gcc/arm-none-eabi/12.3.1/../../../../arm-none-eabi/lib/thumb/v7e-m+fp/hard/libc.a(libc_a-svfprintf.o)
                0x08009130                _svfprintf_r
 .text.__malloc_lock
                0x0800acf0        0xc /Applications/ArmGNUToolchain/12.3.rel1/arm-none-eabi/bin/../lib/gcc/arm-none-eabi/12.3.1/../../../../arm-none-eabi/lib/thumb/v7e-m+fp/hard/libc.a(libc_a-mlock.o)
                0x0800acf0                __malloc_lock
 .text.__malloc_unlock
                0x0800acfc        0xc /Applications/ArmGNUToolchain/12.3.rel1/arm-none-eabi/bin/../lib/gcc/arm-none-eabi/12.3.1/../../../../arm-none-eabi/lib/thumb/v7e-m+fp/hard/libc.a(libc_a-mlock.o)
                0x0800acfc                __malloc_unlock
 .text._fclose_r
                0x0800ad08       0xc0 /Applications/ArmGNUToolchain/12.3.rel1/arm-none-eabi/bin/../lib/gcc/arm-none-eabi/12.3.1/../../../../arm-none-eabi/lib/thumb/v7e-m+fp/hard/libc.a(libc_a-fclose.o)
                0x0800ad08                _fclose_r
 .text.__sflush_r
                0x0800adc8      0x138 /Applications/ArmGNUToolchain/12.3.rel1/arm-none-eabi/bin/../lib/gcc/arm-none-eabi/12.3.1/../../../../arm-none-eabi/lib/thumb/v7e-m+fp/hard/libc.a(libc_a-fflush.o)
                0x0800adc8                __sflush_r
 .text._fflush_r
                0x0800af00       0x54 /Applications/ArmGNUToolchain/12.3.rel1/arm-none-eabi/bin/../lib/gcc/arm-none-eabi/12.3.1/../../../../arm-none-eabi/lib/thumb/v7e-m+fp/hard/libc.a(libc_a-fflush.o)
                0x0800af00                _fflush_r
 .text.__sread  0x0800af54       0x24 /Applications/ArmGNUToolchain/12.3.rel1/arm-none-eabi/bin/../lib/gcc/arm-none-eabi/12.3.1/../../../../arm-none-eabi/lib/thumb/v7e-m+fp/hard/libc.a(libc_a-stdio.o)
                0x0800af54                __sread
 .text.__swrite
                0x0800af78       0x40 /Applications/ArmGNUToolchain/12.3.rel1/arm-none-eabi/bin/../lib/gcc/arm-none-eabi/12.3.1/../../../../arm-none-eabi/lib/thumb/v7e-m+fp/hard/libc.a(libc_a-stdio.o)
                0x0800af78                __swrite
 .text.__sseek  0x0800afb8       0x24 /Applications/ArmGNUToolchain/12.3.rel1/arm-none-eabi/bin/../lib/gcc/arm-none-eabi/12.3.1/../../../../arm-none-eabi/lib/thumb/v7e-m+fp/hard/libc.a(libc_a-stdio.o)
                0x0800afb8                __sseek
 .text.__sclose
                0x0800afdc        0x8 /Applications/ArmGNUToolchain/12.3.rel1/arm-none-eabi/bin/../lib/gcc/arm-none-eabi/12.3.1/../../../../arm-none-eabi/lib/thumb/v7e-m+fp/hard/libc.a(libc_a-stdio.o)
                0x0800afdc                __sclose
 .text.strncpy  0x0800afe4       0x68 /Applications/ArmGNUToolchain/12.3.rel1/arm-none-eabi/bin/../lib/gcc/arm-none-eabi/12.3.1/../../../../arm-none-eabi/lib/thumb/v7e-m+fp/hard/libc.a(libc_a-strncpy.o)
                0x0800afe4                strncpy
 .text.__locale_mb_cur_max
                0x0800b04c        0xc /Applications/ArmGNUToolchain/12.3.rel1/arm-none-eabi/bin/../lib/gcc/arm-none-eabi/12.3.1/../../../../arm-none-eabi/lib/thumb/v7e-m+fp/hard/libc.a(libc_a-locale.o)
                0x0800b04c                __locale_mb_cur_max
 .text._localeconv_r
                0x0800b058        0x8 /Applications/ArmGNUToolchain/12.3.rel1/arm-none-eabi/bin/../lib/gcc/arm-none-eabi/12.3.1/../../../../arm-none-eabi/lib/thumb/v7e-m+fp/hard/libc.a(libc_a-localeconv.o)
                0x0800b058                _localeconv_r
 .text._close_r
                0x0800b060       0x24 /Applications/ArmGNUToolchain/12.3.rel1/arm-none-eabi/bin/../lib/gcc/arm-none-eabi/12.3.1/../../../../arm-none-eabi/lib/thumb/v7e-m+fp/hard/libc.a(libc_a-closer.o)
                0x0800b060                _close_r
 .text._lseek_r
                0x0800b084       0x2c /Applications/ArmGNUToolchain/12.3.rel1/arm-none-eabi/bin/../lib/gcc/arm-none-eabi/12.3.1/../../../../arm-none-eabi/lib/thumb/v7e-m+fp/hard/libc.a(libc_a-lseekr.o)
                0x0800b084                _lseek_r
 .text._read_r  0x0800b0b0       0x2c /Applications/ArmGNUToolchain/12.3.rel1/arm-none-eabi/bin/../lib/gcc/arm-none-eabi/12.3.1/../../../../arm-none-eabi/lib/thumb/v7e-m+fp/hard/libc.a(libc_a-readr.o)
                0x0800b0b0                _read_r
 .text._sbrk_r  0x0800b0dc       0x24 /Applications/ArmGNUToolchain/12.3.rel1/arm-none-eabi/bin/../lib/gcc/arm-none-eabi/12.3.1/../../../../arm-none-eabi/lib/thumb/v7e-m+fp/hard/libc.a(libc_a-sbrkr.o)
                0x0800b0dc                _sbrk_r
 .text._write_r
                0x0800b100       0x2c /Applications/ArmGNUToolchain/12.3.rel1/arm-none-eabi/bin/../lib/gcc/arm-none-eabi/12.3.1/../../../../arm-none-eabi/lib/thumb/v7e-m+fp/hard/libc.a(libc_a-writer.o)
                0x0800b100                _write_r
 .text.sysconf  0x0800b12c       0x1c /Applications/ArmGNUToolchain/12.3.rel1/arm-none-eabi/bin/../lib/gcc/arm-none-eabi/12.3.1/../../../../arm-none-eabi/lib/thumb/v7e-m+fp/hard/libc.a(libc_a-sysconf.o)
                0x0800b12c                sysconf
 .text.__libc_fini_array
                0x0800b148       0x28 /Applications/ArmGNUToolchain/12.3.rel1/arm-none-eabi/bin/../lib/gcc/arm-none-eabi/12.3.1/../../../../arm-none-eabi/lib/thumb/v7e-m+fp/hard/libc.a(libc_a-fini.o)
                0x0800b148                __libc_fini_array
 .text._wcrtomb_r
                0x0800b170       0x4c /Applications/ArmGNUToolchain/12.3.rel1/arm-none-eabi/bin/../lib/gcc/arm-none-eabi/12.3.1/../../../../arm-none-eabi/lib/thumb/v7e-m+fp/hard/libc.a(libc_a-wcrtomb.o)
                0x0800b170                _wcrtomb_r
 .text._wcsrtombs_r
                0x0800b1bc       0x18 /Applications/ArmGNUToolchain/12.3.rel1/arm-none-eabi/bin/../lib/gcc/arm-none-eabi/12.3.1/../../../../arm-none-eabi/lib/thumb/v7e-m+fp/hard/libc.a(libc_a-wcsrtombs.o)
                0x0800b1bc                _wcsrtombs_r
 .text.__register_exitproc
                0x0800b1d4       0x80 /Applications/ArmGNUToolchain/12.3.rel1/arm-none-eabi/bin/../lib/gcc/arm-none-eabi/12.3.1/../../../../arm-none-eabi/lib/thumb/v7e-m+fp/hard/libc.a(libc_a-__atexit.o)
                0x0800b1d4                __register_exitproc
 .text.frexp    0x0800b254       0x68 /Applications/ArmGNUToolchain/12.3.rel1/arm-none-eabi/bin/../lib/gcc/arm-none-eabi/12.3.1/../../../../arm-none-eabi/lib/thumb/v7e-m+fp/hard/libc.a(libm_a-s_frexp.o)
                0x0800b254                frexp
 .text.quorem   0x0800b2bc      0x12c /Applications/ArmGNUToolchain/12.3.rel1/arm-none-eabi/bin/../lib/gcc/arm-none-eabi/12.3.1/../../../../arm-none-eabi/lib/thumb/v7e-m+fp/hard/libc.a(libc_a-dtoa.o)
 .text._dtoa_r  0x0800b3e8      0xe4c /Applications/ArmGNUToolchain/12.3.rel1/arm-none-eabi/bin/../lib/gcc/arm-none-eabi/12.3.1/../../../../arm-none-eabi/lib/thumb/v7e-m+fp/hard/libc.a(libc_a-dtoa.o)
                0x0800b3e8                _dtoa_r
 .text.__ascii_mbtowc
                0x0800c234       0x2c /Applications/ArmGNUToolchain/12.3.rel1/arm-none-eabi/bin/../lib/gcc/arm-none-eabi/12.3.1/../../../../arm-none-eabi/lib/thumb/v7e-m+fp/hard/libc.a(libc_a-mbtowc_r.o)
                0x0800c234                __ascii_mbtowc
 .text.__ssprint_r
                0x0800c260      0x108 /Applications/ArmGNUToolchain/12.3.rel1/arm-none-eabi/bin/../lib/gcc/arm-none-eabi/12.3.1/../../../../arm-none-eabi/lib/thumb/v7e-m+fp/hard/libc.a(libc_a-svfiprintf.o)
                0x0800c260                __ssprint_r
 .text._Balloc  0x0800c368       0x4c /Applications/ArmGNUToolchain/12.3.rel1/arm-none-eabi/bin/../lib/gcc/arm-none-eabi/12.3.1/../../../../arm-none-eabi/lib/thumb/v7e-m+fp/hard/libc.a(libc_a-mprec.o)
                0x0800c368                _Balloc
 .text._Bfree   0x0800c3b4       0x14 /Applications/ArmGNUToolchain/12.3.rel1/arm-none-eabi/bin/../lib/gcc/arm-none-eabi/12.3.1/../../../../arm-none-eabi/lib/thumb/v7e-m+fp/hard/libc.a(libc_a-mprec.o)
                0x0800c3b4                _Bfree
 .text.__multadd
                0x0800c3c8       0xa0 /Applications/ArmGNUToolchain/12.3.rel1/arm-none-eabi/bin/../lib/gcc/arm-none-eabi/12.3.1/../../../../arm-none-eabi/lib/thumb/v7e-m+fp/hard/libc.a(libc_a-mprec.o)
                0x0800c3c8                __multadd
 .text.__hi0bits
                0x0800c468       0x44 /Applications/ArmGNUToolchain/12.3.rel1/arm-none-eabi/bin/../lib/gcc/arm-none-eabi/12.3.1/../../../../arm-none-eabi/lib/thumb/v7e-m+fp/hard/libc.a(libc_a-mprec.o)
                0x0800c468                __hi0bits
 .text.__lo0bits
                0x0800c4ac       0x60 /Applications/ArmGNUToolchain/12.3.rel1/arm-none-eabi/bin/../lib/gcc/arm-none-eabi/12.3.1/../../../../arm-none-eabi/lib/thumb/v7e-m+fp/hard/libc.a(libc_a-mprec.o)
                0x0800c4ac                __lo0bits
 .text.__i2b    0x0800c50c       0x5c /Applications/ArmGNUToolchain/12.3.rel1/arm-none-eabi/bin/../lib/gcc/arm-none-eabi/12.3.1/../../../../arm-none-eabi/lib/thumb/v7e-m+fp/hard/libc.a(libc_a-mprec.o)
                0x0800c50c                __i2b
 .text.__multiply
                0x0800c568      0x16c /Applications/ArmGNUToolchain/12.3.rel1/arm-none-eabi/bin/../lib/gcc/arm-none-eabi/12.3.1/../../../../arm-none-eabi/lib/thumb/v7e-m+fp/hard/libc.a(libc_a-mprec.o)
                0x0800c568                __multiply
 .text.__pow5mult
                0x0800c6d4       0xb4 /Applications/ArmGNUToolchain/12.3.rel1/arm-none-eabi/bin/../lib/gcc/arm-none-eabi/12.3.1/../../../../arm-none-eabi/lib/thumb/v7e-m+fp/hard/libc.a(libc_a-mprec.o)
                0x0800c6d4                __pow5mult
 .text.__lshift
                0x0800c788       0xf0 /Applications/ArmGNUToolchain/12.3.rel1/arm-none-eabi/bin/../lib/gcc/arm-none-eabi/12.3.1/../../../../arm-none-eabi/lib/thumb/v7e-m+fp/hard/libc.a(libc_a-mprec.o)
                0x0800c788                __lshift
 .text.__mcmp   0x0800c878       0x44 /Applications/ArmGNUToolchain/12.3.rel1/arm-none-eabi/bin/../lib/gcc/arm-none-eabi/12.3.1/../../../../arm-none-eabi/lib/thumb/v7e-m+fp/hard/libc.a(libc_a-mprec.o)
                0x0800c878                __mcmp
 .text.__mdiff  0x0800c8bc      0x164 /Applications/ArmGNUToolchain/12.3.rel1/arm-none-eabi/bin/../lib/gcc/arm-none-eabi/12.3.1/../../../../arm-none-eabi/lib/thumb/v7e-m+fp/hard/libc.a(libc_a-mprec.o)
                0x0800c8bc                __mdiff
 .text.__d2b    0x0800ca20       0xc0 /Applications/ArmGNUToolchain/12.3.rel1/arm-none-eabi/bin/../lib/gcc/arm-none-eabi/12.3.1/../../../../arm-none-eabi/lib/thumb/v7e-m+fp/hard/libc.a(libc_a-mprec.o)
                0x0800ca20                __d2b
 .text._realloc_r
                0x0800cae0      0x344 /Applications/ArmGNUToolchain/12.3.rel1/arm-none-eabi/bin/../lib/gcc/arm-none-eabi/12.3.1/../../../../arm-none-eabi/lib/thumb/v7e-m+fp/hard/libc.a(libc_a-reallocr.o)
                0x0800cae0                _realloc_r
 .text.__ascii_wctomb
                0x0800ce24       0x1c /Applications/ArmGNUToolchain/12.3.rel1/arm-none-eabi/bin/../lib/gcc/arm-none-eabi/12.3.1/../../../../arm-none-eabi/lib/thumb/v7e-m+fp/hard/libc.a(libc_a-wctomb_r.o)
                0x0800ce24                __ascii_wctomb
 .text.memmove  0x0800ce40      0x100 /Applications/ArmGNUToolchain/12.3.rel1/arm-none-eabi/bin/../lib/gcc/arm-none-eabi/12.3.1/../../../../arm-none-eabi/lib/thumb/v7e-m+fp/hard/libc.a(libc_a-memmove.o)
                0x0800ce40                memmove
 .text._wcsnrtombs_l
                0x0800cf40       0xfc /Applications/ArmGNUToolchain/12.3.rel1/arm-none-eabi/bin/../lib/gcc/arm-none-eabi/12.3.1/../../../../arm-none-eabi/lib/thumb/v7e-m+fp/hard/libc.a(libc_a-wcsnrtombs.o)
                0x0800cf40                _wcsnrtombs_l
 .text._wcsnrtombs_r
                0x0800d03c       0x24 /Applications/ArmGNUToolchain/12.3.rel1/arm-none-eabi/bin/../lib/gcc/arm-none-eabi/12.3.1/../../../../arm-none-eabi/lib/thumb/v7e-m+fp/hard/libc.a(libc_a-wcsnrtombs.o)
                0x0800d03c                _wcsnrtombs_r
 .text.__assert_func
                0x0800d060       0x40 /Applications/ArmGNUToolchain/12.3.rel1/arm-none-eabi/bin/../lib/gcc/arm-none-eabi/12.3.1/../../../../arm-none-eabi/lib/thumb/v7e-m+fp/hard/libc.a(libc_a-assert.o)
                0x0800d060                __assert_func
 .text._calloc_r
                0x0800d0a0       0x6c /Applications/ArmGNUToolchain/12.3.rel1/arm-none-eabi/bin/../lib/gcc/arm-none-eabi/12.3.1/../../../../arm-none-eabi/lib/thumb/v7e-m+fp/hard/libc.a(libc_a-callocr.o)
                0x0800d0a0                _calloc_r
 .text.fiprintf
                0x0800d10c       0x28 /Applications/ArmGNUToolchain/12.3.rel1/arm-none-eabi/bin/../lib/gcc/arm-none-eabi/12.3.1/../../../../arm-none-eabi/lib/thumb/v7e-m+fp/hard/libc.a(libc_a-fiprintf.o)
                0x0800d10c                fiprintf
 .text.__sprint_r.part.0
                0x0800d134       0x78 /Applications/ArmGNUToolchain/12.3.rel1/arm-none-eabi/bin/../lib/gcc/arm-none-eabi/12.3.1/../../../../arm-none-eabi/lib/thumb/v7e-m+fp/hard/libc.a(libc_a-vfiprintf.o)
 .text._vfiprintf_r
                0x0800d1ac      0xfa8 /Applications/ArmGNUToolchain/12.3.rel1/arm-none-eabi/bin/../lib/gcc/arm-none-eabi/12.3.1/../../../../arm-none-eabi/lib/thumb/v7e-m+fp/hard/libc.a(libc_a-vfiprintf.o)
                0x0800d1ac                _vfiprintf_r
 .text.__sbprintf
                0x0800e154       0x80 /Applications/ArmGNUToolchain/12.3.rel1/arm-none-eabi/bin/../lib/gcc/arm-none-eabi/12.3.1/../../../../arm-none-eabi/lib/thumb/v7e-m+fp/hard/libc.a(libc_a-vfiprintf.o)
 .text.__sfvwrite_r
                0x0800e1d4      0x300 /Applications/ArmGNUToolchain/12.3.rel1/arm-none-eabi/bin/../lib/gcc/arm-none-eabi/12.3.1/../../../../arm-none-eabi/lib/thumb/v7e-m+fp/hard/libc.a(libc_a-fvwrite.o)
                0x0800e1d4                __sfvwrite_r
 .text.__swsetup_r
                0x0800e4d4       0xc0 /Applications/ArmGNUToolchain/12.3.rel1/arm-none-eabi/bin/../lib/gcc/arm-none-eabi/12.3.1/../../../../arm-none-eabi/lib/thumb/v7e-m+fp/hard/libc.a(libc_a-wsetup.o)
                0x0800e4d4                __swsetup_r
 .text.__fputwc
                0x0800e594       0x7c /Applications/ArmGNUToolchain/12.3.rel1/arm-none-eabi/bin/../lib/gcc/arm-none-eabi/12.3.1/../../../../arm-none-eabi/lib/thumb/v7e-m+fp/hard/libc.a(libc_a-fputwc.o)
                0x0800e594                __fputwc
 .text._fputwc_r
                0x0800e610       0x60 /Applications/ArmGNUToolchain/12.3.rel1/arm-none-eabi/bin/../lib/gcc/arm-none-eabi/12.3.1/../../../../arm-none-eabi/lib/thumb/v7e-m+fp/hard/libc.a(libc_a-fputwc.o)
                0x0800e610                _fputwc_r
 .text.abort    0x0800e670       0x10 /Applications/ArmGNUToolchain/12.3.rel1/arm-none-eabi/bin/../lib/gcc/arm-none-eabi/12.3.1/../../../../arm-none-eabi/lib/thumb/v7e-m+fp/hard/libc.a(libc_a-abort.o)
                0x0800e670                abort
 .text.__smakebuf_r
                0x0800e680       0xdc /Applications/ArmGNUToolchain/12.3.rel1/arm-none-eabi/bin/../lib/gcc/arm-none-eabi/12.3.1/../../../../arm-none-eabi/lib/thumb/v7e-m+fp/hard/libc.a(libc_a-makebuf.o)
                0x0800e680                __smakebuf_r
 .text.__swbuf_r
                0x0800e75c       0xac /Applications/ArmGNUToolchain/12.3.rel1/arm-none-eabi/bin/../lib/gcc/arm-none-eabi/12.3.1/../../../../arm-none-eabi/lib/thumb/v7e-m+fp/hard/libc.a(libc_a-wbuf.o)
                0x0800e75c                __swbuf_r
 .text.raise    0x0800e808       0x58 /Applications/ArmGNUToolchain/12.3.rel1/arm-none-eabi/bin/../lib/gcc/arm-none-eabi/12.3.1/../../../../arm-none-eabi/lib/thumb/v7e-m+fp/hard/libc.a(libc_a-signal.o)
                0x0800e808                raise
 .text._fstat_r
                0x0800e860       0x2c /Applications/ArmGNUToolchain/12.3.rel1/arm-none-eabi/bin/../lib/gcc/arm-none-eabi/12.3.1/../../../../arm-none-eabi/lib/thumb/v7e-m+fp/hard/libc.a(libc_a-fstatr.o)
                0x0800e860                _fstat_r
 .text._isatty_r
                0x0800e88c       0x24 /Applications/ArmGNUToolchain/12.3.rel1/arm-none-eabi/bin/../lib/gcc/arm-none-eabi/12.3.1/../../../../arm-none-eabi/lib/thumb/v7e-m+fp/hard/libc.a(libc_a-isattyr.o)
                0x0800e88c                _isatty_r
 .text._kill_r  0x0800e8b0       0x2c /Applications/ArmGNUToolchain/12.3.rel1/arm-none-eabi/bin/../lib/gcc/arm-none-eabi/12.3.1/../../../../arm-none-eabi/lib/thumb/v7e-m+fp/hard/libc.a(libc_a-signalr.o)
                0x0800e8b0                _kill_r
 .text._getpid_r
                0x0800e8dc        0x4 /Applications/ArmGNUToolchain/12.3.rel1/arm-none-eabi/bin/../lib/gcc/arm-none-eabi/12.3.1/../../../../arm-none-eabi/lib/thumb/v7e-m+fp/hard/libc.a(libc_a-signalr.o)
                0x0800e8dc                _getpid_r
 *(.glue_7)
 .glue_7        0x0800e8e0        0x0 linker stubs
 *(.glue_7t)
 .glue_7t       0x0800e8e0        0x0 linker stubs
 *(.eh_frame)
 .eh_frame      0x0800e8e0        0x0 /Applications/ArmGNUToolchain/12.3.rel1/arm-none-eabi/bin/../lib/gcc/arm-none-eabi/12.3.1/thumb/v7e-m+fp/hard/crtbegin.o
 *(.init)
 .init          0x0800e8e0        0x4 /Applications/ArmGNUToolchain/12.3.rel1/arm-none-eabi/bin/../lib/gcc/arm-none-eabi/12.3.1/thumb/v7e-m+fp/hard/crti.o
                0x0800e8e0                _init
 .init          0x0800e8e4        0x8 /Applications/ArmGNUToolchain/12.3.rel1/arm-none-eabi/bin/../lib/gcc/arm-none-eabi/12.3.1/thumb/v7e-m+fp/hard/crtn.o
 *(.fini)
 .fini          0x0800e8ec        0x4 /Applications/ArmGNUToolchain/12.3.rel1/arm-none-eabi/bin/../lib/gcc/arm-none-eabi/12.3.1/thumb/v7e-m+fp/hard/crti.o
                0x0800e8ec                _fini
 .fini          0x0800e8f0        0x8 /Applications/ArmGNUToolchain/12.3.rel1/arm-none-eabi/bin/../lib/gcc/arm-none-eabi/12.3.1/thumb/v7e-m+fp/hard/crtn.o
                0x0800e8f8                        . = ALIGN (0x4)
                0x0800e8f8                        _etext = .

.vfp11_veneer   0x0800e8f8        0x0
 .vfp11_veneer  0x0800e8f8        0x0 linker stubs

.v4_bx          0x0800e8f8        0x0
 .v4_bx         0x0800e8f8        0x0 linker stubs

.iplt           0x0800e8f8        0x0
 .iplt          0x0800e8f8        0x0 /Applications/ArmGNUToolchain/12.3.rel1/arm-none-eabi/bin/../lib/gcc/arm-none-eabi/12.3.1/thumb/v7e-m+fp/hard/crtbegin.o

.rodata         0x0800e8f8      0xa88
                0x0800e8f8                        . = ALIGN (0x4)
 *(.rodata)
 *(.rodata*)
 .rodata.ErrorDataCallback.str1.4
                0x0800e8f8       0x81 CMakeFiles/UOSM-SteeringWheel-L432.elf.dir/Core/Modules/CANCallbacks.c.obj
 *fill*         0x0800e979        0x3 
 .rodata.EventDataCallback.str1.4
                0x0800e97c       0x4b CMakeFiles/UOSM-SteeringWheel-L432.elf.dir/Core/Modules/CANCallbacks.c.obj
 *fill*         0x0800e9c7        0x1 
 .rodata.MotorRPMDataCallback.str1.4
                0x0800e9c8       0x15 CMakeFiles/UOSM-SteeringWheel-L432.elf.dir/Core/Modules/CANCallbacks.c.obj
 *fill*         0x0800e9dd        0x3 
 .rodata.CurrentVoltageDataCallback.str1.4
                0x0800e9e0       0x35 CMakeFiles/UOSM-SteeringWheel-L432.elf.dir/Core/Modules/CANCallbacks.c.obj
 *fill*         0x0800ea15        0x3 
 .rodata.SpeedDataCallback.str1.4
                0x0800ea18       0x17 CMakeFiles/UOSM-SteeringWheel-L432.elf.dir/Core/Modules/CANCallbacks.c.obj
 *fill*         0x0800ea2f        0x1 
 .rodata.ThrottleDataCallback.str1.4
                0x0800ea30       0x29 CMakeFiles/UOSM-SteeringWheel-L432.elf.dir/Core/Modules/CANCallbacks.c.obj
 *fill*         0x0800ea59        0x3 
 .rodata.PressureDataCallback.str1.4
                0x0800ea5c       0x26 CMakeFiles/UOSM-SteeringWheel-L432.elf.dir/Core/Modules/CANCallbacks.c.obj
 *fill*         0x0800ea82        0x2 
 .rodata.LightsDataCallback.str1.4
                0x0800ea84       0x27 CMakeFiles/UOSM-SteeringWheel-L432.elf.dir/Core/Modules/CANCallbacks.c.obj
 *fill*         0x0800eaab        0x1 
 .rodata.ClockModule_ToggleCallback.str1.4
                0x0800eaac        0xd CMakeFiles/UOSM-SteeringWheel-L432.elf.dir/Core/Modules/ClockModule.c.obj
 *fill*         0x0800eab9        0x3 
 .rodata.ClockModule_Update.str1.4
                0x0800eabc        0xf CMakeFiles/UOSM-SteeringWheel-L432.elf.dir/Core/Modules/ClockModule.c.obj
 *fill*         0x0800eacb        0x1 
 .rodata.InteruptTriggerCallback.str1.4
                0x0800eacc       0x26 CMakeFiles/UOSM-SteeringWheel-L432.elf.dir/Core/Modules/InteruptModule.c.obj
 *fill*         0x0800eaf2        0x2 
 .rodata.HAL_GPIO_EXTI_Callback.str1.4
                0x0800eaf4       0x4f CMakeFiles/UOSM-SteeringWheel-L432.elf.dir/Core/Modules/InteruptModule.c.obj
 *fill*         0x0800eb43        0x1 
 .rodata.ITM_TAG
                0x0800eb44        0x6 CMakeFiles/UOSM-SteeringWheel-L432.elf.dir/Core/Modules/InteruptModule.c.obj
                0x0800eb44                ITM_TAG
 *fill*         0x0800eb4a        0x2 
 .rodata.LightsModule_Init.str1.4
                0x0800eb4c       0x16 CMakeFiles/UOSM-SteeringWheel-L432.elf.dir/Core/Modules/LightsModule.c.obj
 *fill*         0x0800eb62        0x2 
 .rodata.LTM_TAG
                0x0800eb64        0x6 CMakeFiles/UOSM-SteeringWheel-L432.elf.dir/Core/Modules/LightsModule.c.obj
 *fill*         0x0800eb6a        0x2 
 .rodata.Throttle_UpdateThrottle.str1.4
                0x0800eb6c       0x2c CMakeFiles/UOSM-SteeringWheel-L432.elf.dir/Core/Modules/ThrottleModule.c.obj
 .rodata.DBG_TAG
                0x0800eb98        0x6 CMakeFiles/UOSM-SteeringWheel-L432.elf.dir/Core/Modules/ThrottleModule.c.obj
                0x0800eb98                DBG_TAG
 *fill*         0x0800eb9e        0x2 
 .rodata.str1.4
                0x0800eba0        0xc CMakeFiles/UOSM-SteeringWheel-L432.elf.dir/Core/Src/main.c.obj
 .rodata.defaultTask_attributes
                0x0800ebac       0x24 CMakeFiles/UOSM-SteeringWheel-L432.elf.dir/Core/Src/main.c.obj
                0x0800ebac                defaultTask_attributes
 .rodata.MSIRangeTable
                0x0800ebd0       0x30 CMakeFiles/UOSM-SteeringWheel-L432.elf.dir/Core/Src/system_stm32l4xx.c.obj
                0x0800ebd0                MSIRangeTable
 .rodata.APBPrescTable
                0x0800ec00        0x8 CMakeFiles/UOSM-SteeringWheel-L432.elf.dir/Core/Src/system_stm32l4xx.c.obj
                0x0800ec00                APBPrescTable
 .rodata.AHBPrescTable
                0x0800ec08       0x10 CMakeFiles/UOSM-SteeringWheel-L432.elf.dir/Core/Src/system_stm32l4xx.c.obj
                0x0800ec08                AHBPrescTable
 .rodata.ClockTask.str1.4
                0x0800ec18       0x16 CMakeFiles/UOSM-SteeringWheel-L432.elf.dir/Core/Tasks/ClockTask.c.obj
 *fill*         0x0800ec2e        0x2 
 .rodata.str1.4