00:38:05 **** Incremental Build of configuration Debug for project UOSM-SteeringWheel-L432 ****
make -j8 all 
arm-none-eabi-gcc "../Core/Tasks/SafetyTask.c" -mcpu=cortex-m4 -std=gnu11 -g3 -DDEBUG -DUSE_HAL_DRIVER -DSTM32L432xx -c -I../Core/Inc -I../Core/UserDrivers -I../Core/Modules -I../Core/Tasks -I../Drivers/STM32L4xx_HAL_Driver/Inc -I../Drivers/STM32L4xx_HAL_Driver/Inc/Legacy -I../Drivers/CMSIS/Device/ST/STM32L4xx/Include -I../Drivers/CMSIS/Include -I../Middlewares/Third_Party/FreeRTOS/Source/include -I../Middlewares/Third_Party/FreeRTOS/Source/CMSIS_RTOS_V2 -I../Middlewares/Third_Party/FreeRTOS/Source/portable/GCC/ARM_CM4F -I"C:/Users/mingy/Documents/UOSM/UOSM-Steering-Wheel-MCU-L432/UOSM-SteeringWheel-L432/Core/Src" -O0 -ffunction-sections -fdata-sections -Wall -fstack-usage -MMD -MP -MF"Core/Tasks/SafetyTask.d" -MT"Core/Tasks/SafetyTask.o" --specs=nano.specs -mfpu=fpv4-sp-d16 -mfloat-abi=hard -mthumb -o "Core/Tasks/SafetyTask.o"
arm-none-eabi-gcc "../Core/Tasks/SystemInfoTask.c" -mcpu=cortex-m4 -std=gnu11 -g3 -DDEBUG -DUSE_HAL_DRIVER -DSTM32L432xx -c -I../Core/Inc -I../Core/UserDrivers -I../Core/Modules -I../Core/Tasks -I../Drivers/STM32L4xx_HAL_Driver/Inc -I../Drivers/STM32L4xx_HAL_Driver/Inc/Legacy -I../Drivers/CMSIS/Device/ST/STM32L4xx/Include -I../Drivers/CMSIS/Include -I../Middlewares/Third_Party/FreeRTOS/Source/include -I../Middlewares/Third_Party/FreeRTOS/Source/CMSIS_RTOS_V2 -I../Middlewares/Third_Party/FreeRTOS/Source/portable/GCC/ARM_CM4F -I"C:/Users/mingy/Documents/UOSM/UOSM-Steering-Wheel-MCU-L432/UOSM-SteeringWheel-L432/Core/Src" -O0 -ffunction-sections -fdata-sections -Wall -fstack-usage -MMD -MP -MF"Core/Tasks/SystemInfoTask.d" -MT"Core/Tasks/SystemInfoTask.o" --specs=nano.specs -mfpu=fpv4-sp-d16 -mfloat-abi=hard -mthumb -o "Core/Tasks/SystemInfoTask.o"
arm-none-eabi-gcc "../Core/Tasks/ThrottleTask.c" -mcpu=cortex-m4 -std=gnu11 -g3 -DDEBUG -DUSE_HAL_DRIVER -DSTM32L432xx -c -I../Core/Inc -I../Core/UserDrivers -I../Core/Modules -I../Core/Tasks -I../Drivers/STM32L4xx_HAL_Driver/Inc -I../Drivers/STM32L4xx_HAL_Driver/Inc/Legacy -I../Drivers/CMSIS/Device/ST/STM32L4xx/Include -I../Drivers/CMSIS/Include -I../Middlewares/Third_Party/FreeRTOS/Source/include -I../Middlewares/Third_Party/FreeRTOS/Source/CMSIS_RTOS_V2 -I../Middlewares/Third_Party/FreeRTOS/Source/portable/GCC/ARM_CM4F -I"C:/Users/mingy/Documents/UOSM/UOSM-Steering-Wheel-MCU-L432/UOSM-SteeringWheel-L432/Core/Src" -O0 -ffunction-sections -fdata-sections -Wall -fstack-usage -MMD -MP -MF"Core/Tasks/ThrottleTask.d" -MT"Core/Tasks/ThrottleTask.o" --specs=nano.specs -mfpu=fpv4-sp-d16 -mfloat-abi=hard -mthumb -o "Core/Tasks/ThrottleTask.o"
arm-none-eabi-gcc "../Core/Tasks/UserInputTask.c" -mcpu=cortex-m4 -std=gnu11 -g3 -DDEBUG -DUSE_HAL_DRIVER -DSTM32L432xx -c -I../Core/Inc -I../Core/UserDrivers -I../Core/Modules -I../Core/Tasks -I../Drivers/STM32L4xx_HAL_Driver/Inc -I../Drivers/STM32L4xx_HAL_Driver/Inc/Legacy -I../Drivers/CMSIS/Device/ST/STM32L4xx/Include -I../Drivers/CMSIS/Include -I../Middlewares/Third_Party/FreeRTOS/Source/include -I../Middlewares/Third_Party/FreeRTOS/Source/CMSIS_RTOS_V2 -I../Middlewares/Third_Party/FreeRTOS/Source/portable/GCC/ARM_CM4F -I"C:/Users/mingy/Documents/UOSM/UOSM-Steering-Wheel-MCU-L432/UOSM-SteeringWheel-L432/Core/Src" -O0 -ffunction-sections -fdata-sections -Wall -fstack-usage -MMD -MP -MF"Core/Tasks/UserInputTask.d" -MT"Core/Tasks/UserInputTask.o" --specs=nano.specs -mfpu=fpv4-sp-d16 -mfloat-abi=hard -mthumb -o "Core/Tasks/UserInputTask.o"
../Core/Tasks/SafetyTask.c: In function 'SafetyTask':
../Core/Tasks/SafetyTask.c:41:29: warning: pointer targets in passing argument 2 of 'HAL_UART_Transmit' differ in signedness [-Wpointer-sign]
   41 |  HAL_UART_Transmit(&huart2, "safety\n\r", 8, HAL_MAX_DELAY);
      |                             ^~~~~~~~~~~~
      |                             |
      |                             char *
In file included from ../Core/Inc/stm32l4xx_hal_conf.h:450,
                 from ../Drivers/STM32L4xx_HAL_Driver/Inc/stm32l4xx_hal.h:29,
                 from ../Core/Tasks/SafetyTask.h:13,
                 from ../Core/Tasks/SafetyTask.c:10:
../Drivers/STM32L4xx_HAL_Driver/Inc/stm32l4xx_hal_uart.h:1674:79: note: expected 'const uint8_t *' {aka 'const unsigned char *'} but argument is of type 'char *'
 1674 | HAL_StatusTypeDef HAL_UART_Transmit(UART_HandleTypeDef *huart, const uint8_t *pData, uint16_t Size, uint32_t Timeout);
      |                                                                ~~~~~~~~~~~~~~~^~~~~
../Core/Tasks/SafetyTask.c:47:30: warning: pointer targets in passing argument 2 of 'HAL_UART_Transmit' differ in signedness [-Wpointer-sign]
   47 |   HAL_UART_Transmit(&huart2, "safety loop\n\r", 13, HAL_MAX_DELAY);
      |                              ^~~~~~~~~~~~~~~~~
      |                              |
      |                              char *
In file included from ../Core/Inc/stm32l4xx_hal_conf.h:450,
                 from ../Drivers/STM32L4xx_HAL_Driver/Inc/stm32l4xx_hal.h:29,
                 from ../Core/Tasks/SafetyTask.h:13,
                 from ../Core/Tasks/SafetyTask.c:10:
../Drivers/STM32L4xx_HAL_Driver/Inc/stm32l4xx_hal_uart.h:1674:79: note: expected 'const uint8_t *' {aka 'const unsigned char *'} but argument is of type 'char *'
 1674 | HAL_StatusTypeDef HAL_UART_Transmit(UART_HandleTypeDef *huart, const uint8_t *pData, uint16_t Size, uint32_t Timeout);
      |                                                                ~~~~~~~~~~~~~~~^~~~~
../Core/Tasks/SystemInfoTask.c: In function 'SystemInfoTask':
../Core/Tasks/SystemInfoTask.c:44:29: warning: pointer targets in passing argument 2 of 'HAL_UART_Transmit' differ in signedness [-Wpointer-sign]
   44 |  HAL_UART_Transmit(&huart2, "sysinfo\n\r", 9, HAL_MAX_DELAY);
      |                             ^~~~~~~~~~~~~
      |                             |
      |                             char *
In file included from ../Core/Inc/stm32l4xx_hal_conf.h:450,
                 from ../Drivers/STM32L4xx_HAL_Driver/Inc/stm32l4xx_hal.h:29,
                 from ../Core/Tasks/SystemInfoTask.h:13,
                 from ../Core/Tasks/SystemInfoTask.c:11:
../Drivers/STM32L4xx_HAL_Driver/Inc/stm32l4xx_hal_uart.h:1674:79: note: expected 'const uint8_t *' {aka 'const unsigned char *'} but argument is of type 'char *'
 1674 | HAL_StatusTypeDef HAL_UART_Transmit(UART_HandleTypeDef *huart, const uint8_t *pData, uint16_t Size, uint32_t Timeout);
      |                                                                ~~~~~~~~~~~~~~~^~~~~
../Core/Tasks/SystemInfoTask.c:50:30: warning: pointer targets in passing argument 2 of 'HAL_UART_Transmit' differ in signedness [-Wpointer-sign]
   50 |   HAL_UART_Transmit(&huart2, "sys loop\n\r", 12, HAL_MAX_DELAY);
      |                              ^~~~~~~~~~~~~~
      |                              |
      |                              char *
In file included from ../Core/Inc/stm32l4xx_hal_conf.h:450,
                 from ../Drivers/STM32L4xx_HAL_Driver/Inc/stm32l4xx_hal.h:29,
                 from ../Core/Tasks/SystemInfoTask.h:13,
                 from ../Core/Tasks/SystemInfoTask.c:11:
../Drivers/STM32L4xx_HAL_Driver/Inc/stm32l4xx_hal_uart.h:1674:79: note: expected 'const uint8_t *' {aka 'const unsigned char *'} but argument is of type 'char *'
 1674 | HAL_StatusTypeDef HAL_UART_Transmit(UART_HandleTypeDef *huart, const uint8_t *pData, uint16_t Size, uint32_t Timeout);
      |                                                                ~~~~~~~~~~~~~~~^~~~~
../Core/Tasks/ThrottleTask.c: In function 'ThrottleTask':
../Core/Tasks/ThrottleTask.c:39:29: warning: pointer targets in passing argument 2 of 'HAL_UART_Transmit' differ in signedness [-Wpointer-sign]
   39 |  HAL_UART_Transmit(&huart2, "throttle\n\r", 10, HAL_MAX_DELAY);
      |                             ^~~~~~~~~~~~~~
      |                             |
      |                             char *
In file included from ../Core/Inc/stm32l4xx_hal_conf.h:450,
                 from ../Drivers/STM32L4xx_HAL_Driver/Inc/stm32l4xx_hal.h:29,
                 from ../Core/Tasks/ThrottleTask.h:13,
                 from ../Core/Tasks/ThrottleTask.c:11:
../Drivers/STM32L4xx_HAL_Driver/Inc/stm32l4xx_hal_uart.h:1674:79: note: expected 'const uint8_t *' {aka 'const unsigned char *'} but argument is of type 'char *'
 1674 | HAL_StatusTypeDef HAL_UART_Transmit(UART_HandleTypeDef *huart, const uint8_t *pData, uint16_t Size, uint32_t Timeout);
      |                                                                ~~~~~~~~~~~~~~~^~~~~
../Core/Tasks/ThrottleTask.c:45:30: warning: pointer targets in passing argument 2 of 'HAL_UART_Transmit' differ in signedness [-Wpointer-sign]
   45 |   HAL_UART_Transmit(&huart2, "throttle loop\n\r", 15, HAL_MAX_DELAY);
      |                              ^~~~~~~~~~~~~~~~~~~
      |                              |
      |                              char *
In file included from ../Core/Inc/stm32l4xx_hal_conf.h:450,
                 from ../Drivers/STM32L4xx_HAL_Driver/Inc/stm32l4xx_hal.h:29,
                 from ../Core/Tasks/ThrottleTask.h:13,
                 from ../Core/Tasks/ThrottleTask.c:11:
../Drivers/STM32L4xx_HAL_Driver/Inc/stm32l4xx_hal_uart.h:1674:79: note: expected 'const uint8_t *' {aka 'const unsigned char *'} but argument is of type 'char *'
 1674 | HAL_StatusTypeDef HAL_UART_Transmit(UART_HandleTypeDef *huart, const uint8_t *pData, uint16_t Size, uint32_t Timeout);
      |                                                                ~~~~~~~~~~~~~~~^~~~~
../Core/Tasks/UserInputTask.c: In function 'UserInputTask':
../Core/Tasks/UserInputTask.c:40:29: warning: pointer targets in passing argument 2 of 'HAL_UART_Transmit' differ in signedness [-Wpointer-sign]
   40 |  HAL_UART_Transmit(&huart2, "user input\n\r", 11, HAL_MAX_DELAY);
      |                             ^~~~~~~~~~~~~~~~
      |                             |
      |                             char *
In file included from ../Core/Inc/stm32l4xx_hal_conf.h:450,
                 from ../Drivers/STM32L4xx_HAL_Driver/Inc/stm32l4xx_hal.h:29,
                 from ../Core/Tasks/UserInputTask.h:13,
                 from ../Core/Tasks/UserInputTask.c:10:
../Drivers/STM32L4xx_HAL_Driver/Inc/stm32l4xx_hal_uart.h:1674:79: note: expected 'const uint8_t *' {aka 'const unsigned char *'} but argument is of type 'char *'
 1674 | HAL_StatusTypeDef HAL_UART_Transmit(UART_HandleTypeDef *huart, const uint8_t *pData, uint16_t Size, uint32_t Timeout);
      |                                                                ~~~~~~~~~~~~~~~^~~~~
../Core/Tasks/UserInputTask.c:46:30: warning: pointer targets in passing argument 2 of 'HAL_UART_Transmit' differ in signedness [-Wpointer-sign]
   46 |   HAL_UART_Transmit(&huart2, "user input loop\n\r", 17, HAL_MAX_DELAY);
      |                              ^~~~~~~~~~~~~~~~~~~~~
      |                              |
      |                              char *
In file included from ../Core/Inc/stm32l4xx_hal_conf.h:450,
                 from ../Drivers/STM32L4xx_HAL_Driver/Inc/stm32l4xx_hal.h:29,
                 from ../Core/Tasks/UserInputTask.h:13,
                 from ../Core/Tasks/UserInputTask.c:10:
../Drivers/STM32L4xx_HAL_Driver/Inc/stm32l4xx_hal_uart.h:1674:79: note: expected 'const uint8_t *' {aka 'const unsigned char *'} but argument is of type 'char *'
 1674 | HAL_StatusTypeDef HAL_UART_Transmit(UART_HandleTypeDef *huart, const uint8_t *pData, uint16_t Size, uint32_t Timeout);
      |                                                                ~~~~~~~~~~~~~~~^~~~~
arm-none-eabi-gcc -o "UOSM-SteeringWheel-L432.elf" @"objects.list"   -mcpu=cortex-m4 -T"C:\Users\mingy\Documents\UOSM\UOSM-Steering-Wheel-MCU-L432\UOSM-SteeringWheel-L432\STM32L432KCUX_FLASH.ld" --specs=nosys.specs -Wl,-Map="UOSM-SteeringWheel-L432.map" -Wl,--gc-sections -static --specs=nano.specs -mfpu=fpv4-sp-d16 -mfloat-abi=hard -mthumb -Wl,--start-group -lc -lm -Wl,--end-group
Finished building target: UOSM-SteeringWheel-L432.elf
 
arm-none-eabi-size   UOSM-SteeringWheel-L432.elf 
arm-none-eabi-objdump -h -S  UOSM-SteeringWheel-L432.elf  > "UOSM-SteeringWheel-L432.list"
arm-none-eabi-objcopy  -O binary  UOSM-SteeringWheel-L432.elf  "UOSM-SteeringWheel-L432.bin"
   text	   data	    bss	    dec	    hex	filename
  25564	    124	   8412	  34100	   8534	UOSM-SteeringWheel-L432.elf
Finished building: default.size.stdout
 
Finished building: UOSM-SteeringWheel-L432.bin
 
Finished building: UOSM-SteeringWheel-L432.list
 

00:38:07 Build Finished. 0 errors, 8 warnings. (took 1s.744ms)

